Unity Editor version:    6000.5.2f1 (eb73d3b415a1)
Branch:                  6000.5/staging
Build type:              Release
Batch mode:              YES
macOS version:           Version 26.3 (Build 25D125)
Darwin version:          25.3.0
Architecture:            arm64
Running under Rosetta:   NO
Available memory:        16384 MB
Date:                    2026-07-04T06:47:00Z
[Licensing::Module] Trying to connect to existing licensing client channel...
[Licensing::IpcConnector] Successfully connected to: "LicenseClient-lovelyjoy" at "2026-07-04T06:47:00.432903Z"
Launching external process: /Applications/Unity/Hub/Editor/6000.5.2f1/Unity.app/Contents/Helpers/PackageManager/Server/UnityPackageManager

COMMAND LINE ARGUMENTS:
/Applications/Unity/Hub/Editor/6000.5.2f1/Unity.app/Contents/MacOS/Unity
-batchmode
-quit
-projectPath
/Users/lovelyjoy/Desktop/soulForge/unity/SoulForgeUnityClient
-executeMethod
SoulForge.UnityClient.Editor.SoulForgeSceneBuilder.CreateApartmentDemoScene
-logFile
/Users/lovelyjoy/Desktop/soulForge/outputs/unity/unity_create_scene_assetpass_v4.log
Successfully changed project path to: /Users/lovelyjoy/Desktop/soulForge/unity/SoulForgeUnityClient
/Users/lovelyjoy/Desktop/soulForge/unity/SoulForgeUnityClient
[UnityMemory] Configuration Parameters - Can be set up in boot.config
    "memorysetup-temp-allocator-size-gi-baking-worker=262144"
    "memorysetup-temp-allocator-size-gi-baking-worker=262144"
    "memorysetup-temp-allocator-size-gi-baking-worker=262144"
    "memorysetup-temp-allocator-size-gi-baking-worker=262144"
    "memorysetup-temp-allocator-size-gi-baking-worker=262144"
    "memorysetup-temp-allocator-size-nav-mesh-worker=65536"
    "memorysetup-temp-allocator-size-audio-worker=65536"
    "memorysetup-temp-allocator-size-cloud-worker=32768"
    "memorysetup-allocator-temp-initial-block-size-main=262144"
    "memorysetup-allocator-temp-initial-block-size-worker=262144"
    "memorysetup-temp-allocator-size-preload-manager=33554432"
    "memorysetup-temp-allocator-size-gfx=262144"
    "memorysetup-temp-allocator-size-background-worker=32768"
    "memorysetup-temp-allocator-size-job-worker=262144"
    "memorysetup-bucket-allocator-granularity=16"
    "memorysetup-bucket-allocator-bucket-count=8"
    "memorysetup-bucket-allocator-block-size=33554432"
    "memorysetup-bucket-allocator-block-count=8"
    "memorysetup-main-allocator-block-size=16777216"
    "memorysetup-thread-allocator-block-size=16777216"
    "memorysetup-main-allocator-mimalloc-enabled=0"
    "memorysetup-gfx-main-allocator-block-size=16777216"
    "memorysetup-gfx-thread-allocator-block-size=16777216"
    "memorysetup-cache-allocator-block-size=4194304"
    "memorysetup-typetree-allocator-block-size=2097152"
    "memorysetup-profiler-bucket-allocator-granularity=16"
    "memorysetup-profiler-bucket-allocator-bucket-count=8"
    "memorysetup-profiler-bucket-allocator-block-size=33554432"
    "memorysetup-profiler-bucket-allocator-block-count=8"
    "memorysetup-profiler-allocator-block-size=16777216"
    "memorysetup-profiler-editor-allocator-block-size=1048576"
    "memorysetup-temp-allocator-size-main=16777216"
    "memorysetup-job-temp-allocator-block-size=2097152"
    "memorysetup-job-temp-allocator-block-size-background=1048576"
    "memorysetup-job-temp-allocator-reduction-small-platforms=262144"
Logging is directed to a specific file, skipping project log.Player connection [8758587520]  Target information:

Player connection [8758587520]  * "[IP] 192.168.1.172 [Port] 55504 [Flags] 2 [Guid] 260176936 [EditorId] 260176936 [Version] 1048832 [Id] OSXEditor(0,LovelyjoydeMac-mini.local) [Debug] 1 [PackageName] OSXEditor [ProjectName] Editor" 

Player connection [8758587520]  * "[IP] 192.168.1.206 [Port] 55504 [Flags] 2 [Guid] 260176936 [EditorId] 260176936 [Version] 1048832 [Id] OSXEditor(0,LovelyjoydeMac-mini.local) [Debug] 1 [PackageName] OSXEditor [ProjectName] Editor" 

Player connection [8758587520]  * "[IP] 198.18.0.1 [Port] 55504 [Flags] 2 [Guid] 260176936 [EditorId] 260176936 [Version] 1048832 [Id] OSXEditor(0,LovelyjoydeMac-mini.local) [Debug] 1 [PackageName] OSXEditor [ProjectName] Editor" 

Player connection [8758587520] Host joined multi-casting on [225.0.0.222:54997]...
Player connection [8758587520] Host joined alternative multi-casting on [225.0.0.222:34997]...
Input System module state changed to: Initialized.
[Physics::Module] Initialized fallback backend.
[Physics::Module] Id: 0xdecafbad
[Licensing::Client] Error: HandshakeResponse reported an error:
	ResponseCode: 505
	ResponseStatus: Unsupported protocol version '1.18.1'.
[Licensing::Module] Error: Failed to handshake to channel: "LicenseClient-lovelyjoy"
[Licensing::IpcConnector] LicenseClient-lovelyjoy channel disconnected successfully.
[Licensing::IpcConnector] Channel LicenseClient-lovelyjoy-6000.5.2 doesn't exist
Launching external process: /Applications/Unity/Hub/Editor/6000.5.2f1/Unity.app/Contents/Helpers/UnityLicensingClient.app/Contents/MacOS/Unity.Licensing.Client
[Licensing::Module] Successfully launched the LicensingClient (PId: 75844)
[Package Manager] Connected to IPC stream "Upm-75788" after 0.3 seconds.
[Licensing::Module] Licensing is not yet initialized.
[Licensing::IpcConnector] Successfully connected to: "LicenseClient-lovelyjoy-6000.5.2" at "2026-07-04T06:47:01.308978Z"
[Licensing::Client] Handshaking with LicensingClient:
  Version:                 1.18.1+9fbee8e
  Session Id:              8f6eda7953de49799ec5d47e102e8763
  Correlation Id:          5e39daacb5a49e6d850caad19df613bb
  External correlation Id: 3018734261198089404
  Machine Id:              SDHUngXkiKNcxSPIxgVLa+vPMH8=
[Licensing::Module] Successfully connected to LicensingClient on channel: "LicenseClient-lovelyjoy-6000.5.2" (connect: 0.58s, validation: 0.13s, handshake: 0.31s)
[Licensing::IpcConnector] Successfully connected to: "LicenseClient-lovelyjoy-6000.5.2-notifications" at "2026-07-04T06:47:01.746571Z"
[Licensing::Module] Connected to LicensingClient (PId: 75844, launch time: 0.00, total connection time: 1.02s)
[Licensing::Module] Error: Access token is unavailable; failed to update
[Licensing::Client] Successfully resolved entitlement details
[Licensing::Module] License group:
  Id: 18968458761207-UnityPersXXXX
  Product: Unity Personal
  Type: Assigned
  Expiration: Unlimited
[Licensing::Client] Successfully updated license, isAsync: True, time: 0.01
[Licensing::Client] Successfully resolved entitlement details
[Licensing::Module] Licensing Background thread has ended after 1.35s
[Licensing::Module] Licensing is initialized (took 0.77s).
[Licensing::Client] Successfully resolved entitlement details
Library Redirect Path: Library/
[Physics::Module] Selected backend.
[Physics::Module] Name: PhysX
[Physics::Module] Id: 0xf2b8ea05
[Physics::Module] SDK Version: 4.1.2
[Physics::Module] Integration Version: 1.0.0
[Physics::Module] Threading Mode: Multi-Threaded
Initialize engine version: 6000.5.2f1 (eb73d3b415a1)
[Subsystems] Discovering subsystems at path /Applications/Unity/Hub/Editor/6000.5.2f1/Unity.app/Contents/Resources/UnitySubsystems
[Subsystems] Discovering subsystems at path /Users/lovelyjoy/Desktop/soulForge/unity/SoulForgeUnityClient/Assets
GfxDevice: creating device client; kGfxThreadingModeNonThreaded
 preferred device: Apple M4 (high power)
Metal devices available: 1
0: Apple M4 (high power)
Using device Apple M4 (high power)
Initializing Metal device caps: Apple M4
Mac GPU Family: 2
Apple GPU Family: 9
MSL Version: 3.0
Has Float MSAA: 1
Has Float Filtering: 1
ReadWrite Texture Tier: 2
Initialize mono
Mono path[0] = '/Applications/Unity/Hub/Editor/6000.5.2f1/Unity.app/Contents/Resources/Scripting/Managed'
Mono path[1] = '/Applications/Unity/Hub/Editor/6000.5.2f1/Unity.app/Contents/Resources/Scripting/BCLExtensions/runtime/netstandard2.1'
Mono path[2] = '/Applications/Unity/Hub/Editor/6000.5.2f1/Unity.app/Contents/Resources/Scripting/MonoBleedingEdge/lib/mono/unityjit-macos'
Mono config path = '/Applications/Unity/Hub/Editor/6000.5.2f1/Unity.app/Contents/Resources/Scripting/MonoBleedingEdge/etc'
Using monoOptions --debugger-agent=transport=dt_socket,embedding=1,server=y,suspend=n,address=127.0.0.1:56788
CodeReloadManager initialized
ImportWorker Server TCP listen port: 0
AcceleratorClientConnectionCallback - disconnected - :0
Begin MonoManager ReloadAssembly
Registering precompiled unity dll's ...
Register platform support module: /Applications/Unity/Hub/Editor/6000.5.2f1/PlaybackEngines/WebGLSupport/UnityEditor.WebGL.Extensions.dll
Register platform support module: /Applications/Unity/Hub/Editor/6000.5.2f1/PlaybackEngines/MacStandaloneSupport/UnityEditor.OSXStandalone.Extensions.dll
Registered in 0.004872 seconds.
Native extension for OSXStandalone target not found
Native extension for WebGL target not found
Package Manager log level set to [2]
ScheduleIndexationOnStartup MainProcess:False IndexOnStartup:False
Mono: successfully reloaded assembly
- Finished resetting the current domain, in  0.218 seconds
Domain Reload Profiling: 535ms
	BeginReloadAssembly (91ms)
		CreateAndSetChildDomain (14ms)
	RebuildCommonClasses (3ms)
	RebuildNativeTypeToScriptingClass (14ms)
	initialDomainReloadingComplete (41ms)
	LoadAllAssembliesAndSetupDomain (168ms)
		LoadAssemblies (79ms)
		AnalyzeDomain (125ms)
			TypeCache.Refresh (124ms)
				TypeCache.ScanAssembly (113ms)
	FinalizeReload (219ms)
		SetupLoadedEditorAssemblies (0ms)
			BeforeProcessingInitializeOnLoad (50ms)
			ProcessInitializeOnLoadAttributes (56ms)
			ProcessInitializeOnLoadMethodAttributes (74ms)
[Licensing::Client] Successfully resolved entitlement details
Application.AssetDatabase Initial Refresh Start
[Package Manager] Restoring resolved packages state from cache
[Licensing::Client] Successfully resolved entitlement details
[Package Manager] Registered 47 packages:
  Packages from [https://packages.unity.com]:
    com.unity.searcher@4.9.4 (location: /Users/lovelyjoy/Desktop/soulForge/unity/SoulForgeUnityClient/Library/PackageCache/com.unity.searcher@d45a78918735)
    com.unity.burst@1.8.29 (location: /Users/lovelyjoy/Desktop/soulForge/unity/SoulForgeUnityClient/Library/PackageCache/com.unity.burst@6bb9aca3ef38)
    com.unity.nuget.mono-cecil@1.11.6 (location: /Users/lovelyjoy/Desktop/soulForge/unity/SoulForgeUnityClient/Library/PackageCache/com.unity.nuget.mono-cecil@ecb9724e46ff)
    com.unity.test-framework.performance@3.5.0 (location: /Users/lovelyjoy/Desktop/soulForge/unity/SoulForgeUnityClient/Library/PackageCache/com.unity.test-framework.performance@8b56083ec0f0)
  Built-in packages:
    com.unity.render-pipelines.universal@17.5.0 (location: /Users/lovelyjoy/Desktop/soulForge/unity/SoulForgeUnityClient/Library/PackageCache/com.unity.render-pipelines.universal@748d7458cc62)
    com.unity.test-framework@1.7.0 (location: /Users/lovelyjoy/Desktop/soulForge/unity/SoulForgeUnityClient/Library/PackageCache/com.unity.test-framework@1405238725ab)
    com.unity.textmeshpro@5.0.0 (location: /Users/lovelyjoy/Desktop/soulForge/unity/SoulForgeUnityClient/Library/PackageCache/com.unity.textmeshpro@53f43edfd2e0)
    com.unity.ugui@2.5.0 (location: /Users/lovelyjoy/Desktop/soulForge/unity/SoulForgeUnityClient/Library/PackageCache/com.unity.ugui@3d1ea40b73ef)
    com.unity.modules.ai@1.0.0 (location: /Users/lovelyjoy/Desktop/soulForge/unity/SoulForgeUnityClient/Library/PackageCache/com.unity.modules.ai)
    com.unity.modules.androidjni@1.0.0 (location: /Users/lovelyjoy/Desktop/soulForge/unity/SoulForgeUnityClient/Library/PackageCache/com.unity.modules.androidjni)
    com.unity.modules.animation@1.0.0 (location: /Users/lovelyjoy/Desktop/soulForge/unity/SoulForgeUnityClient/Library/PackageCache/com.unity.modules.animation)
    com.unity.modules.assetbundle@1.0.0 (location: /Users/lovelyjoy/Desktop/soulForge/unity/SoulForgeUnityClient/Library/PackageCache/com.unity.modules.assetbundle)
    com.unity.modules.audio@1.0.0 (location: /Users/lovelyjoy/Desktop/soulForge/unity/SoulForgeUnityClient/Library/PackageCache/com.unity.modules.audio)
    com.unity.modules.cloth@1.0.0 (location: /Users/lovelyjoy/Desktop/soulForge/unity/SoulForgeUnityClient/Library/PackageCache/com.unity.modules.cloth)
    com.unity.modules.director@1.0.0 (location: /Users/lovelyjoy/Desktop/soulForge/unity/SoulForgeUnityClient/Library/PackageCache/com.unity.modules.director)
    com.unity.modules.imageconversion@1.0.0 (location: /Users/lovelyjoy/Desktop/soulForge/unity/SoulForgeUnityClient/Library/PackageCache/com.unity.modules.imageconversion)
    com.unity.modules.imgui@1.0.0 (location: /Users/lovelyjoy/Desktop/soulForge/unity/SoulForgeUnityClient/Library/PackageCache/com.unity.modules.imgui)
    com.unity.modules.jsonserialize@1.0.0 (location: /Users/lovelyjoy/Desktop/soulForge/unity/SoulForgeUnityClient/Library/PackageCache/com.unity.modules.jsonserialize)
    com.unity.modules.particlesystem@1.0.0 (location: /Users/lovelyjoy/Desktop/soulForge/unity/SoulForgeUnityClient/Library/PackageCache/com.unity.modules.particlesystem)
    com.unity.modules.physics@1.0.0 (location: /Users/lovelyjoy/Desktop/soulForge/unity/SoulForgeUnityClient/Library/PackageCache/com.unity.modules.physics)
    com.unity.modules.physics2d@1.0.0 (location: /Users/lovelyjoy/Desktop/soulForge/unity/SoulForgeUnityClient/Library/PackageCache/com.unity.modules.physics2d)
    com.unity.modules.screencapture@1.0.0 (location: /Users/lovelyjoy/Desktop/soulForge/unity/SoulForgeUnityClient/Library/PackageCache/com.unity.modules.screencapture)
    com.unity.modules.terrain@1.0.0 (location: /Users/lovelyjoy/Desktop/soulForge/unity/SoulForgeUnityClient/Library/PackageCache/com.unity.modules.terrain)
    com.unity.modules.terrainphysics@1.0.0 (location: /Users/lovelyjoy/Desktop/soulForge/unity/SoulForgeUnityClient/Library/PackageCache/com.unity.modules.terrainphysics)
    com.unity.modules.tilemap@1.0.0 (location: /Users/lovelyjoy/Desktop/soulForge/unity/SoulForgeUnityClient/Library/PackageCache/com.unity.modules.tilemap)
    com.unity.modules.ui@1.0.0 (location: /Users/lovelyjoy/Desktop/soulForge/unity/SoulForgeUnityClient/Library/PackageCache/com.unity.modules.ui)
    com.unity.modules.uielements@1.0.0 (location: /Users/lovelyjoy/Desktop/soulForge/unity/SoulForgeUnityClient/Library/PackageCache/com.unity.modules.uielements)
    com.unity.modules.umbra@1.0.0 (location: /Users/lovelyjoy/Desktop/soulForge/unity/SoulForgeUnityClient/Library/PackageCache/com.unity.modules.umbra)
    com.unity.modules.unityanalytics@1.0.0 (location: /Users/lovelyjoy/Desktop/soulForge/unity/SoulForgeUnityClient/Library/PackageCache/com.unity.modules.unityanalytics)
    com.unity.modules.unitywebrequest@1.0.0 (location: /Users/lovelyjoy/Desktop/soulForge/unity/SoulForgeUnityClient/Library/PackageCache/com.unity.modules.unitywebrequest)
    com.unity.modules.unitywebrequestassetbundle@1.0.0 (location: /Users/lovelyjoy/Desktop/soulForge/unity/SoulForgeUnityClient/Library/PackageCache/com.unity.modules.unitywebrequestassetbundle)
    com.unity.modules.unitywebrequestaudio@1.0.0 (location: /Users/lovelyjoy/Desktop/soulForge/unity/SoulForgeUnityClient/Library/PackageCache/com.unity.modules.unitywebrequestaudio)
    com.unity.modules.unitywebrequesttexture@1.0.0 (location: /Users/lovelyjoy/Desktop/soulForge/unity/SoulForgeUnityClient/Library/PackageCache/com.unity.modules.unitywebrequesttexture)
    com.unity.modules.unitywebrequestwww@1.0.0 (location: /Users/lovelyjoy/Desktop/soulForge/unity/SoulForgeUnityClient/Library/PackageCache/com.unity.modules.unitywebrequestwww)
    com.unity.modules.vehicles@1.0.0 (location: /Users/lovelyjoy/Desktop/soulForge/unity/SoulForgeUnityClient/Library/PackageCache/com.unity.modules.vehicles)
    com.unity.modules.video@1.0.0 (location: /Users/lovelyjoy/Desktop/soulForge/unity/SoulForgeUnityClient/Library/PackageCache/com.unity.modules.video)
    com.unity.modules.wind@1.0.0 (location: /Users/lovelyjoy/Desktop/soulForge/unity/SoulForgeUnityClient/Library/PackageCache/com.unity.modules.wind)
    com.unity.modules.xr@1.0.0 (location: /Users/lovelyjoy/Desktop/soulForge/unity/SoulForgeUnityClient/Library/PackageCache/com.unity.modules.xr)
    com.unity.modules.subsystems@1.0.0 (location: /Users/lovelyjoy/Desktop/soulForge/unity/SoulForgeUnityClient/Library/PackageCache/com.unity.modules.subsystems)
    com.unity.modules.hierarchycore@1.0.0 (location: /Users/lovelyjoy/Desktop/soulForge/unity/SoulForgeUnityClient/Library/PackageCache/com.unity.modules.hierarchycore)
    com.unity.modules.physicscore2d@1.0.0 (location: /Users/lovelyjoy/Desktop/soulForge/unity/SoulForgeUnityClient/Library/PackageCache/com.unity.modules.physicscore2d)
    com.unity.ext.nunit@2.1.0 (location: /Users/lovelyjoy/Desktop/soulForge/unity/SoulForgeUnityClient/Library/PackageCache/com.unity.ext.nunit@44f7d31723bd)
    com.unity.render-pipelines.core@17.5.0 (location: /Users/lovelyjoy/Desktop/soulForge/unity/SoulForgeUnityClient/Library/PackageCache/com.unity.render-pipelines.core@9fe9377312a8)
    com.unity.shadergraph@17.5.0 (location: /Users/lovelyjoy/Desktop/soulForge/unity/SoulForgeUnityClient/Library/PackageCache/com.unity.shadergraph@2df19e8719bc)
    com.unity.render-pipelines.universal-config@17.5.0 (location: /Users/lovelyjoy/Desktop/soulForge/unity/SoulForgeUnityClient/Library/PackageCache/com.unity.render-pipelines.universal-config@fdda01c80fe3)
    com.unity.collections@6.5.0 (location: /Users/lovelyjoy/Desktop/soulForge/unity/SoulForgeUnityClient/Library/PackageCache/com.unity.collections@a43cabe808ca)
    com.unity.mathematics@1.4.0 (location: /Users/lovelyjoy/Desktop/soulForge/unity/SoulForgeUnityClient/Library/PackageCache/com.unity.mathematics@981956d94fb6)
[Package Manager] com.unity.textmeshpro is deprecated: This package is no longer supported. TextMeshPro functionalities are now included in the com.unity.ugui package. To continue using them, consider adding it to your project dependencies.
[Subsystems] No new subsystems found in resolved package list.
[Package Manager] Done registering packages in 0.01 seconds
[ScriptCompilation] Requested script compilation because: AssetDatabase observed changes in script compilation related files
info: Microsoft.Hosting.Lifetime[14]
      Now listening on: http://unix:/tmp/ilpp.sock-f0dc56c254e8e77c743ce7d5d332a1a3
info: Microsoft.Hosting.Lifetime[0]
      Application started. Press Ctrl+C to shut down.
info: Microsoft.Hosting.Lifetime[0]
      Hosting environment: Production
info: Microsoft.Hosting.Lifetime[0]
      Content root path: /Users/lovelyjoy/Desktop/soulForge/unity/SoulForgeUnityClient
info: Microsoft.AspNetCore.Hosting.Diagnostics[1]
      Request starting HTTP/2 POST http://ilpp/UnityILPP.PostProcessing/Ping - application/grpc -
info: Microsoft.AspNetCore.Routing.EndpointMiddleware[0]
      Executing endpoint 'gRPC - /UnityILPP.PostProcessing/Ping'
info: Microsoft.AspNetCore.Routing.EndpointMiddleware[1]
      Executed endpoint 'gRPC - /UnityILPP.PostProcessing/Ping'
info: Microsoft.AspNetCore.Hosting.Diagnostics[2]
      Request finished HTTP/2 POST http://ilpp/UnityILPP.PostProcessing/Ping - 200 - application/grpc 26.5629ms
Starting: /Applications/Unity/Hub/Editor/6000.5.2f1/Unity.app/Contents/Resources/BuildPipeline/bee_backend --ipc --defer-dag-verification --dagfile="Library/Bee/200b0aE.dag" --continue-on-failure --profile="Library/Bee/backend1.traceevents" ScriptAssemblies
WorkingDir: /Users/lovelyjoy/Desktop/soulForge/unity/SoulForgeUnityClient
DisplayProgressbar: Compiling Scripts
info: Microsoft.AspNetCore.Hosting.Diagnostics[1]
      Request starting HTTP/2 POST http://ilpp/UnityILPP.PostProcessing/ConfigurePostProcessors - application/grpc -
info: Microsoft.AspNetCore.Routing.EndpointMiddleware[0]
      Executing endpoint 'gRPC - /UnityILPP.PostProcessing/ConfigurePostProcessors'
warn: Unity.ILPP.Runner.PostProcessingAssemblyLoadContext[0]
      Assembly system.runtime.interopservices.windowsruntime has duplicate hint path. Ignoring "/Applications/Unity/Hub/Editor/6000.5.2f1/Unity.app/Contents/Resources/Scripting/UnityReferenceAssemblies/unity-4.8-api/Facades/System.Runtime.InteropServices.WindowsRuntime.dll" in favor of "/Applications/Unity/Hub/Editor/6000.5.2f1/Unity.app/Contents/Resources/Scripting/NetStandard/Extensions/2.0.0/System.Runtime.InteropServices.WindowsRuntime.dll"
warn: Unity.ILPP.Runner.PostProcessingAssemblyLoadContext[0]
      Assembly system.componentmodel.composition has duplicate hint path. Ignoring "/Applications/Unity/Hub/Editor/6000.5.2f1/Unity.app/Contents/Resources/Scripting/UnityReferenceAssemblies/unity-4.8-api/System.ComponentModel.Composition.dll" in favor of "/Applications/Unity/Hub/Editor/6000.5.2f1/Unity.app/Contents/Resources/Scripting/NetStandard/compat/2.1.0/shims/netfx/System.ComponentModel.Composition.dll"
info: Unity.ILPP.Runner.PostProcessingAssemblyLoadContext[0]
      Resolved Unity.Burst.Cecil, Version=0.11.6.0, Culture=neutral, PublicKeyToken=50cebf1cceb9d05e with Library/PackageCache/com.unity.burst@6bb9aca3ef38/Unity.Burst.CodeGen/Unity.Burst.Cecil.dll
info: Unity.ILPP.Runner.PostProcessingAssemblyLoadContext[0]
      Resolved Mono.Cecil, Version=0.11.5.0, Culture=neutral, PublicKeyToken=50cebf1cceb9d05e with Library/PackageCache/com.unity.nuget.mono-cecil@ecb9724e46ff/Mono.Cecil.dll
info: Microsoft.AspNetCore.Routing.EndpointMiddleware[1]
      Executed endpoint 'gRPC - /UnityILPP.PostProcessing/ConfigurePostProcessors'
info: Microsoft.AspNetCore.Hosting.Diagnostics[2]
      Request finished HTTP/2 POST http://ilpp/UnityILPP.PostProcessing/ConfigurePostProcessors - 200 - application/grpc 21.0701ms
info: Microsoft.AspNetCore.Hosting.Diagnostics[1]
      Request starting HTTP/2 POST http://ilpp/UnityILPP.PostProcessing/PostProcessAssembly - application/grpc -
info: Microsoft.AspNetCore.Routing.EndpointMiddleware[0]
      Executing endpoint 'gRPC - /UnityILPP.PostProcessing/PostProcessAssembly'
info: Unity.ILPP.Runner.PostProcessingPipeline[0]
      Processing assembly Library/Bee/artifacts/200b0aE.dag/SoulForge.UnityClient.Editor.dll, with 134 defines and 298 references
info: Unity.ILPP.Runner.PostProcessingPipeline[0]
      processors: Unity.Jobs.CodeGen.JobsILPostProcessor, zzzUnity.Burst.CodeGen.BurstILPostProcessor
info: Unity.ILPP.Runner.PostProcessingPipeline[0]
      running Unity.Jobs.CodeGen.JobsILPostProcessor
info: Unity.ILPP.Runner.PostProcessingPipeline[0]
      running zzzUnity.Burst.CodeGen.BurstILPostProcessor
info: Microsoft.AspNetCore.Routing.EndpointMiddleware[1]
      Executed endpoint 'gRPC - /UnityILPP.PostProcessing/PostProcessAssembly'
info: Microsoft.AspNetCore.Hosting.Diagnostics[2]
      Request finished HTTP/2 POST http://ilpp/UnityILPP.PostProcessing/PostProcessAssembly - 200 - application/grpc 17.1126ms
ExitCode: 0 Duration: 2s687ms
[461/583    0s] ILPP-Configuration Library/ilpp-configuration.nevergeneratedoutput
[579/583    2s] Csc Library/Bee/artifacts/200b0aE.dag/SoulForge.UnityClient.Editor.dll (+2 others)
Assets/SoulForge/Editor/SoulForgeSceneBuilder.cs(73,62): warning CS0618: 'Object.FindObjectOfType<T>()' is obsolete: 'Object.FindObjectOfType has been deprecated. Use Object.FindAnyObjectByType instead.'
Assets/SoulForge/Editor/SoulForgeSceneBuilder.cs(119,62): warning CS0618: 'Object.FindObjectOfType<T>()' is obsolete: 'Object.FindObjectOfType has been deprecated. Use Object.FindAnyObjectByType instead.'
[580/583    0s] ILPostProcess Library/Bee/artifacts/200b0aE.dag/post-processed/SoulForge.UnityClient.Editor.dll (+pdb)
Processing assembly Library/Bee/artifacts/200b0aE.dag/SoulForge.UnityClient.Editor.dll, with 134 defines and 298 references
processors: Unity.Jobs.CodeGen.JobsILPostProcessor, zzzUnity.Burst.CodeGen.BurstILPostProcessor
running Unity.Jobs.CodeGen.JobsILPostProcessor
running zzzUnity.Burst.CodeGen.BurstILPostProcessor
[581/583    0s] CopyFiles Library/ScriptAssemblies/SoulForge.UnityClient.Editor.pdb
[582/583    0s] CopyFiles Library/ScriptAssemblies/SoulForge.UnityClient.Editor.dll
*** Tundra build success (2.67 seconds), 5 items updated, 583 evaluated
Assets/SoulForge/Editor/SoulForgeSceneBuilder.cs(73,62): warning CS0618: 'Object.FindObjectOfType<T>()' is obsolete: 'Object.FindObjectOfType has been deprecated. Use Object.FindAnyObjectByType instead.'
Assets/SoulForge/Editor/SoulForgeSceneBuilder.cs(119,62): warning CS0618: 'Object.FindObjectOfType<T>()' is obsolete: 'Object.FindObjectOfType has been deprecated. Use Object.FindAnyObjectByType instead.'
Total cache size 18097732
AssetDatabase: script compilation time: 3.280475s
Total cache size after purge 18097732, took 00:00:00.0133368
Begin MonoManager ReloadAssembly
Importing 'GUID: bfa841f225b4e4c2fbf14d0707c98d42 - Path: Assets/ThirdParty/KenneyMiniCharacters' with importer (DefaultImporter)
Imported 'GUID: bfa841f225b4e4c2fbf14d0707c98d42' -> (Import Result ID: 'e55d2f88fb49ed05cf0d8aecabf07dab') in 0.016 seconds [static dependencies only]. Details - ImportResultOutputID=7fef8f72a991709380ae4e5a4dfee6b1 DependenciesID=409ae3b41b39d04c91a27c29d1ba77e9 StaticDependenciesID=889ac7b60a5b5eba2d885df6547a68f7 
Importing 'GUID: e7f7a61ab28a74d24af8a67776fbd749 - Path: Assets/ThirdParty/KenneyMiniCharacters/FBX' with importer (DefaultImporter)
Imported 'GUID: e7f7a61ab28a74d24af8a67776fbd749' -> (Import Result ID: 'f1296ccdafc11ba82c2b3d17b81d24f9') in 0.003 seconds [static dependencies only]. Details - ImportResultOutputID=5ccd406b9f8f567ad007f11ba709f2df DependenciesID=efbd9ed37ba27a111f2694761533ff9f StaticDependenciesID=b0b1295d3ff59fc33d32e90ac3415ebf 
Native extension for OSXStandalone target not found
Native extension for WebGL target not found
ScheduleIndexationOnStartup MainProcess:True IndexOnStartup:True
Mono: successfully reloaded assembly
- Finished resetting the current domain, in  1.231 seconds
Domain Reload Profiling: 1642ms
	BeginReloadAssembly (174ms)
		DisableScriptedObjects (15ms)
		CreateAndSetChildDomain (54ms)
	RebuildCommonClasses (4ms)
	RebuildNativeTypeToScriptingClass (8ms)
	initialDomainReloadingComplete (23ms)
	LoadAllAssembliesAndSetupDomain (200ms)
		LoadAssemblies (171ms)
		AnalyzeDomain (60ms)
			TypeCache.Refresh (40ms)
				TypeCache.ScanAssembly (35ms)
			BuildScriptInfoCaches (14ms)
			ResolveRequiredComponents (3ms)
	FinalizeReload (1232ms)
		SetupLoadedEditorAssemblies (0ms)
			BeforeProcessingInitializeOnLoad (42ms)
			ProcessInitializeOnLoadAttributes (1010ms)
			ProcessInitializeOnLoadMethodAttributes (61ms)
		AwakeInstancesAfterBackupRestoration (31ms)
Importing 'GUID: 01212dc8c4ec545f39dc6eb34d635eda - Path: Assets/ThirdParty/KenneyMiniCharacters/FBX/character-female-b.fbx' with importer (FBXImporter)
Launching external process: /Applications/Unity/Hub/Editor/6000.5.2f1/Unity.app/Contents/Helpers/UnityShaderCompiler
Launched and connected shader compiler UnityShaderCompiler after 0.07 seconds
Keyframe reduction: Ratio: 10.056925%;
Keyframe reduction: Ratio: 13.758898%;
Keyframe reduction: Ratio: 28.571428%;
Keyframe reduction: Ratio: 23.440859%;
Keyframe reduction: Ratio: 17.171719%;
Keyframe reduction: Ratio: 8.602150%;
Keyframe reduction: Ratio: 10.056925%;
Keyframe reduction: Ratio: 17.079891%;
Keyframe reduction: Ratio: 17.079891%;
Keyframe reduction: Ratio: 15.000000%;
Keyframe reduction: Ratio: 16.666668%;
Keyframe reduction: Ratio: 8.035715%;
Keyframe reduction: Ratio: 16.666668%;
Keyframe reduction: Ratio: 16.666668%;
Keyframe reduction: Ratio: 26.785713%;
Keyframe reduction: Ratio: 26.785713%;
Keyframe reduction: Ratio: 23.863636%;
Keyframe reduction: Ratio: 27.121212%;
Keyframe reduction: Ratio: 11.195445%;
Keyframe reduction: Ratio: 30.357143%;
Keyframe reduction: Ratio: 4.573171%;
Keyframe reduction: Ratio: 8.928572%;
Keyframe reduction: Ratio: 27.339745%;
Keyframe reduction: Ratio: 27.339745%;
Keyframe reduction: Ratio: 21.922832%;
Keyframe reduction: Ratio: 21.922832%;
Keyframe reduction: Ratio: 17.249418%;
Keyframe reduction: Ratio: 10.521708%;
Keyframe reduction: Ratio: 10.521708%;
Keyframe reduction: Ratio: 11.385199%;
Keyframe reduction: Ratio: 12.797621%;
Keyframe reduction: Ratio: 12.797621%;
Imported 'GUID: 01212dc8c4ec545f39dc6eb34d635eda' -> (Import Result ID: 'd861e867da0c2ca869b190d316f93c1c') in 0.250 seconds [static and dynamic dependencies]. Details - ImportResultOutputID=d0e3a14b53dd25bc55d43594ff9f13f9 DependenciesID=9f954374efb67292be127e66100c9d00 StaticDependenciesID=e6b3314e704b1ba69e119a87a2ac79a2 
Importing 'GUID: d19d966d4bafd4918ba6190e2c6cbb96 - Path: Assets/ThirdParty/KenneyMiniCharacters/FBX/character-female-c.fbx' with importer (FBXImporter)
Keyframe reduction: Ratio: 28.571428%;
Keyframe reduction: Ratio: 10.056925%;
Keyframe reduction: Ratio: 13.758897%;
Keyframe reduction: Ratio: 23.440859%;
Keyframe reduction: Ratio: 17.171719%;
Keyframe reduction: Ratio: 17.079889%;
Keyframe reduction: Ratio: 17.079891%;
Keyframe reduction: Ratio: 15.000000%;
Keyframe reduction: Ratio: 27.121212%;
Keyframe reduction: Ratio: 23.863636%;
Keyframe reduction: Ratio: 8.602150%;
Keyframe reduction: Ratio: 16.666668%;
Keyframe reduction: Ratio: 10.056925%;
Keyframe reduction: Ratio: 4.573171%;
Keyframe reduction: Ratio: 30.357143%;
Keyframe reduction: Ratio: 16.666668%;
Keyframe reduction: Ratio: 16.666668%;
Keyframe reduction: Ratio: 26.785713%;
Keyframe reduction: Ratio: 8.035715%;
Keyframe reduction: Ratio: 27.339745%;
Keyframe reduction: Ratio: 8.928572%;
Keyframe reduction: Ratio: 26.785713%;
Keyframe reduction: Ratio: 21.922831%;
Keyframe reduction: Ratio: 21.922832%;
Keyframe reduction: Ratio: 27.339745%;
Keyframe reduction: Ratio: 17.249418%;
Keyframe reduction: Ratio: 12.797621%;
Keyframe reduction: Ratio: 12.797621%;
Keyframe reduction: Ratio: 11.195445%;
Keyframe reduction: Ratio: 10.521708%;
Keyframe reduction: Ratio: 10.521708%;
Keyframe reduction: Ratio: 11.385199%;
Imported 'GUID: d19d966d4bafd4918ba6190e2c6cbb96' -> (Import Result ID: 'ec3f29b54362a92bf2a895b654e7f10d') in 0.071 seconds [static and dynamic dependencies]. Details - ImportResultOutputID=65a41c969f94145dae3b9c204e192373 DependenciesID=c0d66be036aef17d71a2786c8d78d723 StaticDependenciesID=f0dcb325569d9e9483de3e939143fb07 
Importing 'GUID: 43fd1f87d346a485b8bb7d7da53eaf68 - Path: Assets/ThirdParty/KenneyMiniCharacters/FBX/character-male-c.fbx' with importer (FBXImporter)
Keyframe reduction: Ratio: 28.571432%;
Keyframe reduction: Ratio: 23.440859%;
Keyframe reduction: Ratio: 13.758898%;
Keyframe reduction: Ratio: 17.079891%;
Keyframe reduction: Ratio: 17.171719%;
Keyframe reduction: Ratio: 15.000000%;
Keyframe reduction: Ratio: 17.079891%;
Keyframe reduction: Ratio: 10.056925%;
Keyframe reduction: Ratio: 27.121214%;
Keyframe reduction: Ratio: 8.602150%;
Keyframe reduction: Ratio: 16.666668%;
Keyframe reduction: Ratio: 16.666668%;
Keyframe reduction: Ratio: 16.666668%;
Keyframe reduction: Ratio: 23.863636%;
Keyframe reduction: Ratio: 26.785713%;
Keyframe reduction: Ratio: 26.785713%;
Keyframe reduction: Ratio: 4.573171%;
Keyframe reduction: Ratio: 8.035715%;
Keyframe reduction: Ratio: 27.339745%;
Keyframe reduction: Ratio: 30.357143%;
Keyframe reduction: Ratio: 27.339745%;
Keyframe reduction: Ratio: 21.922831%;
Keyframe reduction: Ratio: 8.928572%;
Keyframe reduction: Ratio: 21.922831%;
Keyframe reduction: Ratio: 10.056925%;
Keyframe reduction: Ratio: 17.249418%;
Keyframe reduction: Ratio: 10.521708%;
Keyframe reduction: Ratio: 12.797621%;
Keyframe reduction: Ratio: 10.521708%;
Keyframe reduction: Ratio: 12.797621%;
Keyframe reduction: Ratio: 11.385199%;
Keyframe reduction: Ratio: 11.195445%;
Imported 'GUID: 43fd1f87d346a485b8bb7d7da53eaf68' -> (Import Result ID: '2a0cd99caa72ede313810d860d2c28b5') in 0.061 seconds [static and dynamic dependencies]. Details - ImportResultOutputID=ce267f52bea029d15f3405d11b32ab3f DependenciesID=3c4aea43aa7f6a024c8095a00750ec64 StaticDependenciesID=83c1596be508c34ecdd55194ffd9d98e 
Importing 'GUID: 64c521fba19ae4acf89baac00c0c44bc - Path: Assets/ThirdParty/KenneyMiniCharacters/FBX/character-male-f.fbx' with importer (FBXImporter)
Keyframe reduction: Ratio: 28.571432%;
Keyframe reduction: Ratio: 10.056925%;
Keyframe reduction: Ratio: 23.440861%;
Keyframe reduction: Ratio: 17.079891%;
Keyframe reduction: Ratio: 13.758897%;
Keyframe reduction: Ratio: 17.079891%;
Keyframe reduction: Ratio: 17.171719%;
Keyframe reduction: Ratio: 15.000000%;
Keyframe reduction: Ratio: 10.056925%;
Keyframe reduction: Ratio: 27.121212%;
Keyframe reduction: Ratio: 16.666668%;
Keyframe reduction: Ratio: 23.863636%;
Keyframe reduction: Ratio: 26.785713%;
Keyframe reduction: Ratio: 8.035715%;
Keyframe reduction: Ratio: 16.666668%;
Keyframe reduction: Ratio: 30.357143%;
Keyframe reduction: Ratio: 8.602150%;
Keyframe reduction: Ratio: 16.666668%;
Keyframe reduction: Ratio: 11.195445%;
Keyframe reduction: Ratio: 26.785713%;
Keyframe reduction: Ratio: 27.339745%;
Keyframe reduction: Ratio: 27.339745%;
Keyframe reduction: Ratio: 21.922832%;
Keyframe reduction: Ratio: 8.928572%;
Keyframe reduction: Ratio: 17.249418%;
Keyframe reduction: Ratio: 21.922831%;
Keyframe reduction: Ratio: 4.573171%;
Keyframe reduction: Ratio: 12.797621%;
Keyframe reduction: Ratio: 10.521708%;
Keyframe reduction: Ratio: 10.521708%;
Keyframe reduction: Ratio: 11.385199%;
Keyframe reduction: Ratio: 12.797621%;
Imported 'GUID: 64c521fba19ae4acf89baac00c0c44bc' -> (Import Result ID: '5b82548f291efc65be9efa33dca66c05') in 0.066 seconds [static and dynamic dependencies]. Details - ImportResultOutputID=59e59b2c1db224b072d5266d450cbd94 DependenciesID=4c45370e7f8997b7a0c6d4aa5ca12760 StaticDependenciesID=b2022b2e043fcb68846452597bf8121f 
Importing 'GUID: 284d1fe77d3824a24b96ede3e3528c6e - Path: Assets/ThirdParty/KenneyMiniCharacters/FBX/character-female-a.fbx' with importer (FBXImporter)
Keyframe reduction: Ratio: 28.571428%;
Keyframe reduction: Ratio: 10.056925%;
Keyframe reduction: Ratio: 13.758897%;
Keyframe reduction: Ratio: 8.602150%;
Keyframe reduction: Ratio: 17.079891%;
Keyframe reduction: Ratio: 17.171719%;
Keyframe reduction: Ratio: 17.079893%;
Keyframe reduction: Ratio: 23.440859%;
Keyframe reduction: Ratio: 15.000000%;
Keyframe reduction: Ratio: 27.121212%;
Keyframe reduction: Ratio: 16.666668%;
Keyframe reduction: Ratio: 23.863636%;
Keyframe reduction: Ratio: 16.666668%;
Keyframe reduction: Ratio: 8.035715%;
Keyframe reduction: Ratio: 26.785713%;
Keyframe reduction: Ratio: 16.666668%;
Keyframe reduction: Ratio: 10.056925%;
Keyframe reduction: Ratio: 26.785713%;
Keyframe reduction: Ratio: 30.357143%;
Keyframe reduction: Ratio: 27.339745%;
Keyframe reduction: Ratio: 27.339745%;
Keyframe reduction: Ratio: 8.928572%;
Keyframe reduction: Ratio: 4.573171%;
Keyframe reduction: Ratio: 21.922831%;
Keyframe reduction: Ratio: 12.797621%;
Keyframe reduction: Ratio: 17.249418%;
Keyframe reduction: Ratio: 11.195445%;
Keyframe reduction: Ratio: 21.922832%;
Keyframe reduction: Ratio: 10.521708%;
Keyframe reduction: Ratio: 12.797621%;
Keyframe reduction: Ratio: 10.521708%;
Keyframe reduction: Ratio: 11.385199%;
Imported 'GUID: 284d1fe77d3824a24b96ede3e3528c6e' -> (Import Result ID: 'a016cf4f4d9a45b12b048f2aa6b95dff') in 0.085 seconds [static and dynamic dependencies]. Details - ImportResultOutputID=abb4a4973ac57e02b39c355a2beb46e1 DependenciesID=6d65265766b5a27693e2b088d14073c9 StaticDependenciesID=bb507af4ae2f5e9b3376fcd258e44844 
Importing 'GUID: 3e7d76bec79054ae6b0ea2cf718f249d - Path: Assets/ThirdParty/KenneyMiniCharacters/FBX/aid-glasses.fbx' with importer (FBXImporter)
Imported 'GUID: 3e7d76bec79054ae6b0ea2cf718f249d' -> (Import Result ID: '7bf2987c0b03eb4acc8a2d6dd8f8dd9a') in 0.009 seconds [static and dynamic dependencies]. Details - ImportResultOutputID=928c5ece1f97e1482d63a098baef88aa DependenciesID=ffcfcee225dcdb6edbd2fe76b77394db StaticDependenciesID=ede685521478e13befc93389bdc158ee 
Importing 'GUID: 5fa64aff324ec43aeb7b7d3189885b62 - Path: Assets/ThirdParty/KenneyMiniCharacters/FBX/character-male-a.fbx' with importer (FBXImporter)
Keyframe reduction: Ratio: 13.758898%;
Keyframe reduction: Ratio: 28.571428%;
Keyframe reduction: Ratio: 23.440859%;
Keyframe reduction: Ratio: 17.079889%;
Keyframe reduction: Ratio: 8.602150%;
Keyframe reduction: Ratio: 15.000000%;
Keyframe reduction: Ratio: 27.121214%;
Keyframe reduction: Ratio: 17.171719%;
Keyframe reduction: Ratio: 10.056925%;
Keyframe reduction: Ratio: 17.079891%;
Keyframe reduction: Ratio: 26.785713%;
Keyframe reduction: Ratio: 16.666668%;
Keyframe reduction: Ratio: 23.863636%;
Keyframe reduction: Ratio: 26.785713%;
Keyframe reduction: Ratio: 4.573171%;
Keyframe reduction: Ratio: 8.928572%;
Keyframe reduction: Ratio: 16.666668%;
Keyframe reduction: Ratio: 8.035715%;
Keyframe reduction: Ratio: 16.666668%;
Keyframe reduction: Ratio: 30.357143%;
Keyframe reduction: Ratio: 10.056925%;
Keyframe reduction: Ratio: 27.339745%;
Keyframe reduction: Ratio: 27.339745%;
Keyframe reduction: Ratio: 21.922831%;
Keyframe reduction: Ratio: 21.922832%;
Keyframe reduction: Ratio: 12.797621%;
Keyframe reduction: Ratio: 17.249418%;
Keyframe reduction: Ratio: 11.195445%;
Keyframe reduction: Ratio: 10.521708%;
Keyframe reduction: Ratio: 10.521708%;
Keyframe reduction: Ratio: 12.797621%;
Keyframe reduction: Ratio: 11.385199%;
Imported 'GUID: 5fa64aff324ec43aeb7b7d3189885b62' -> (Import Result ID: '70d19b5857a992d80aeefb208740a290') in 0.060 seconds [static and dynamic dependencies]. Details - ImportResultOutputID=911331e35f50b0f4e0682d9d784bfb85 DependenciesID=55ee51a0478122e9fe854c39e1aa167b StaticDependenciesID=cfc48151ed175276ebf85d8b0c0b668b 
Importing 'GUID: df84cd9b0a620483daa549ab5b048a08 - Path: Assets/ThirdParty/KenneyMiniCharacters/FBX/wheelchair-power.fbx' with importer (FBXImporter)
Imported 'GUID: df84cd9b0a620483daa549ab5b048a08' -> (Import Result ID: '7a1dc05069494b1cc809e5e136da0dfb') in 0.010 seconds [static and dynamic dependencies]. Details - ImportResultOutputID=9bdc8b00984dd6ebe7654fd109fd8169 DependenciesID=9f801ad213ede92d811b45cbb7e95d9d StaticDependenciesID=99abaa79ff21aa518b76c01b54ef27a1 
Importing 'GUID: 3c35d2c0a4ed745fbbcefc47c3d701d6 - Path: Assets/ThirdParty/KenneyMiniCharacters/LICENSE.md' with importer (TextScriptImporter)
Imported 'GUID: 3c35d2c0a4ed745fbbcefc47c3d701d6' -> (Import Result ID: 'ef1f35b3d004178152a7f2c5103b448f') in 0.001 seconds [static dependencies only]. Details - ImportResultOutputID=aca313d8941bd55b9080fead4ef0d5bc DependenciesID=f58a5a7effe86301f610365e6a54087f StaticDependenciesID=406e1ff77ef724dd97816a55d3bc18fa 
Starting new worker id: 0 with log in /Users/lovelyjoy/Desktop/soulForge/unity/SoulForgeUnityClient/Logs/AssetImportWorkerHW0.log

Asset Pipeline Refresh (id=6c974e8da8caf4c9cad9b7e2768ce22c): Total: 6.605 seconds - Initiated by InitialRefreshV2(ForceSynchronousImport)
	(Values over 0.05ms)
	Summary:
		Imports: total=11 (actual=11, local cache=0, cache server=0)
		Asset DB Process Time: managed=33 ms, native=2246 ms
		Asset DB Callback time: managed=575 ms, native=24 ms
		Scripting: domain reloads=1, domain reload time=429 ms, compile time=3282 ms, other=15 ms
		Project Asset Count: scripts=779, non-scripts=1482
		Asset File Changes: new=11, changed=12, moved=0, deleted=0
		Scan Filter Count: 1
	InvokePackagesCallback: 15.497ms
	ApplyChangesToAssetFolders: 0.236ms
	Scan: 207.739ms
	Collect global state as custom dependencies: 3.811ms
	OnSourceAssetsModified: 0.505ms
	CategorizeScriptCompilationAssets: 13.639ms
	ProcessAssetsWithTransientArtifactChanges: 18.024ms
	CategorizeAssets: 61.625ms
	CompileScripts: 3281.721ms
	ImportOutOfDateAssets: 1909.216ms (1239.323ms without children)
		ImportManagerImport: 647.802ms (1.886ms without children)
			UpdateCategorizedAssets: 0.081ms
		UnloadImportedAssets: 0.264ms
		EnsureUptoDateAssetsAreRegisteredWithGuidPM: 0.300ms
		ImportSchedulerStart: 21.518ms
	PostProcessAllAssets: 577.590ms
		PostProcessCallbackCreateDeferredMaterials 0.078ms
		MonoPostProcessAllAssets: 574.277ms
			UniversalRenderPipelineGlobalSettingsPostprocessor.OnPostprocessAllAssets 244.505ms
			StyleCatalogPostProcessor.OnPostprocessAllAssets 193.873ms
			AssetPostprocessor.OnPostprocessAllAssets 110.612ms
			BuilderAssetPostprocessor.OnPostprocessAllAssets 6.224ms
			AssetChangedListener.OnPostprocessAllAssets 1.372ms
			SpeedTree9Postprocessor.OnPostprocessAllAssets 1.206ms
			WindowAssetPostprocessingWatcher.OnPostprocessAllAssets 1.095ms
			ShaderGraphAssetPostProcessor.OnPostprocessAllAssets 0.990ms
			RetainedModeAssetPostprocessor.OnPostprocessAllAssets 0.792ms
			SyncVS.PostprocessSyncProject 0.513ms
			ArtifactBrowserPostProcessor.OnPostprocessAllAssets 0.455ms
			MaterialPostprocessor.OnPostprocessAllAssets 0.390ms
			ReferencedClipsPostProcessor.OnPostprocessAllAssets 0.382ms
			SampleDependencyImporterPostProcessor.OnPostprocessAllAssets 0.305ms
			AssetEvents.OnPostprocessAllAssets 0.239ms
			TMPro_TexturePostProcessor.OnPostprocessAllAssets 0.193ms
			TextAssetPostProcessor.OnPostprocessAllAssets 0.188ms
			PostProcessor.OnPostprocessAllAssets 0.187ms
			ShaderReflectionAssetPostProcessor.OnPostprocessAllAssets 0.166ms
			AudioMixerPostprocessor.OnPostprocessAllAssets 0.154ms
			RenderPipelineGlobalSettingsPostprocessor.OnPostprocessAllAssets 0.106ms
			TerrainToolbarOverlayPostProcessor.OnPostprocessAllAssets 0.087ms
			ConfigAssetsTracker.OnPostprocessAllAssets 0.078ms
			AssetDatabaseCallbacks.OnPostprocessAllAssets 0.071ms
			SpeedTreePostProcessor.OnPostprocessAllAssets 0.065ms
			ScenarioDriftAssetsTracker.OnPostprocessAllAssets 0.053ms
	PostAssetChangesProfiler: 7.450ms
	UnloadStreamsBegin: 0.882ms
	PersistCurrentRevisions: 0.113ms
	GenerateScriptTypeHashes: 1.311ms
	GenerateScriptTypeSerializationHashes: 2.306ms
	Untracked: 505.198ms

Application.AssetDatabase Initial Refresh End
Shader Hidden/ChartRasterizerHardware is not supported: GPU does not support conservative rasterization
Shader Hidden/ChartRasterizerHardware is not supported: GPU does not support conservative rasterization
Scanning for USB devices : 0.324ms
Initializing Unity extensions:
[MODES] ModeService[none].Initialize
[MODES] ModeService[none].LoadModes
[MODES] Loading mode Default (0) for mode-current-id-SoulForgeUnityClient
2026-07-04 14:47:09.834 Unity[75788:88650205] NSEventModifierFlagFunction specified to -setKeyEquivalentModifierMask: for item <NSMenuItem: 0x769b9f5c0 SDF, ke='Command-F12'>, but is only supported for system-provided menu items; will not be used
Unloading 255 Unused Serialized files (Serialized files now loaded: 0)
Unloading 3193 unused Assets / (8.2 MB). Loaded Objects now: 3999.
Memory consumption went from 246.0 MB to 237.8 MB.
Total: 8.641416 ms (FindLiveObjects: 0.149750 ms CreateObjectMapping: 0.466083 ms MarkObjects: 5.376375 ms  DeleteObjects: 2.648666 ms)

2026-07-04 14:47:09.901 Unity[75788:88650205] NSEventModifierFlagFunction specified to -setKeyEquivalentModifierMask: for item <NSMenuItem: 0x769b9cc80 SDF, ke='Command-F12'>, but is only supported for system-provided menu items; will not be used
Asset Pipeline Refresh (id=fbd61560d90984029ac71d0cd0a98e3a): Total: 0.145 seconds - Initiated by RefreshV2(NoUpdateAssetOptions)
Unloading 0 Unused Serialized files (Serialized files now loaded: 0)
Unloading 1 unused Assets / (0.8 KB). Loaded Objects now: 3999.
Memory consumption went from 190.7 MB to 190.7 MB.
Total: 5.908625 ms (FindLiveObjects: 0.097208 ms CreateObjectMapping: 0.178750 ms MarkObjects: 5.610750 ms  DeleteObjects: 0.021667 ms)

Importing 'GUID: bb623ecda68404456a3b16c65be30fe7 - Path: Assets/SoulForge/Scenes/SoulForgeApartment.unity' with importer (DefaultImporter)
Imported 'GUID: bb623ecda68404456a3b16c65be30fe7' -> (Import Result ID: 'adbdb35a9816dd97ffb9fba6cfb76fd4') in 0.003 seconds [static dependencies only]. Details - ImportResultOutputID=c5a1ac5b2395a2fc11334f4b47000fc9 DependenciesID=fa7e7fad60aff9c8d1cd555dc78dfb93 StaticDependenciesID=e168ef490b77a0a88e2bc872904d5cfb 
Asset Pipeline Refresh (id=d118b995779f448e798517aea44258b1): Total: 0.041 seconds - Initiated by StopAssetImportingV2(NoUpdateAssetOptions)
Asset Pipeline Refresh (id=13d4e8c053b2a42328b6b1d5c2ec3646): Total: 0.036 seconds - Initiated by RefreshV2(NoUpdateAssetOptions)
Batchmode quit successfully invoked - shutting down!
Thread 0x319a87000 may have been prematurely finalized
Worker ready: AssetImportWorkerHW0 0
Input System module state changed to: ShutdownInProgress.
Input Polling Thread exited.
Input System module state changed to: Shutdown.
正在关闭 MSBuild 服务器...
正在关闭 VB/C# 编译器服务器...
[Physics::Module] Cleanup current backend.
[Physics::Module] Id: 0xf2b8ea05
[Licensing::IpcConnector] LicenseClient-lovelyjoy-6000.5.2-notifications channel disconnected successfully.
[Licensing::IpcConnector] LicenseClient-lovelyjoy-6000.5.2 channel disconnected successfully.
Thread 0x16e2d3000 may have been prematurely finalized
Thread 0x16e35f000 may have been prematurely finalized
Thread 0x16e3eb000 may have been prematurely finalized
Thread 0x16e477000 may have been prematurely finalized
Thread 0x16e503000 may have been prematurely finalized
Thread 0x16e58f000 may have been prematurely finalized
Thread 0x16e61b000 may have been prematurely finalized
Thread 0x16e6a7000 may have been prematurely finalized
Thread 0x16e733000 may have been prematurely finalized
成功关闭 MSBuild 服务器。
成功关闭 VB/C# 编译器服务器。
AcceleratorClientConnectionCallback - disconnected - :0
Thread 0x16fe6f000 may have been prematurely finalized
Cleanup mono
CodeReloadManager destroyed
info: Microsoft.Hosting.Lifetime[0]
      Application is shutting down...
info: Unity.ILPP.Runner.PostProcessingAssemblyLoadContext[0]
      ALC ILPP context 1 is unloading
debugger-agent: Unable to listen on 43
Exiting batchmode successfully now!
[Package Manager] Server process was shutdown
