Unity Editor version:    6000.5.2f1 (eb73d3b415a1)
Branch:                  6000.5/staging
Build type:              Release
Batch mode:              YES
macOS version:           Version 26.3 (Build 25D125)
Darwin version:          25.3.0
Architecture:            arm64
Running under Rosetta:   NO
Available memory:        16384 MB
Date:                    2026-07-04T05:36:20Z
[Licensing::Module] Trying to connect to existing licensing client channel...
[Licensing::IpcConnector] Successfully connected to: "LicenseClient-lovelyjoy" at "2026-07-04T05:36:20.436105Z"
Launching external process: /Applications/Unity/Hub/Editor/6000.5.2f1/Unity.app/Contents/Helpers/PackageManager/Server/UnityPackageManager

COMMAND LINE ARGUMENTS:
/Applications/Unity/Hub/Editor/6000.5.2f1/Unity.app/Contents/MacOS/Unity
-batchmode
-quit
-projectPath
/Users/lovelyjoy/Desktop/soulForge/unity/SoulForgeUnityClient
-executeMethod
SoulForge.UnityClient.Editor.SoulForgeSceneBuilder.CreateApartmentDemoScene
-logFile
/Users/lovelyjoy/Desktop/soulForge/outputs/unity/unity_create_scene_offline_v3.log
Successfully changed project path to: /Users/lovelyjoy/Desktop/soulForge/unity/SoulForgeUnityClient
/Users/lovelyjoy/Desktop/soulForge/unity/SoulForgeUnityClient
[UnityMemory] Configuration Parameters - Can be set up in boot.config
    "memorysetup-temp-allocator-size-gi-baking-worker=262144"
    "memorysetup-temp-allocator-size-gi-baking-worker=262144"
    "memorysetup-temp-allocator-size-gi-baking-worker=262144"
    "memorysetup-temp-allocator-size-gi-baking-worker=262144"
    "memorysetup-temp-allocator-size-gi-baking-worker=262144"
    "memorysetup-temp-allocator-size-nav-mesh-worker=65536"
    "memorysetup-temp-allocator-size-audio-worker=65536"
    "memorysetup-temp-allocator-size-cloud-worker=32768"
    "memorysetup-allocator-temp-initial-block-size-main=262144"
    "memorysetup-allocator-temp-initial-block-size-worker=262144"
    "memorysetup-temp-allocator-size-preload-manager=33554432"
    "memorysetup-temp-allocator-size-gfx=262144"
    "memorysetup-temp-allocator-size-background-worker=32768"
    "memorysetup-temp-allocator-size-job-worker=262144"
    "memorysetup-bucket-allocator-granularity=16"
    "memorysetup-bucket-allocator-bucket-count=8"
    "memorysetup-bucket-allocator-block-size=33554432"
    "memorysetup-bucket-allocator-block-count=8"
    "memorysetup-main-allocator-block-size=16777216"
    "memorysetup-thread-allocator-block-size=16777216"
    "memorysetup-main-allocator-mimalloc-enabled=0"
    "memorysetup-gfx-main-allocator-block-size=16777216"
    "memorysetup-gfx-thread-allocator-block-size=16777216"
    "memorysetup-cache-allocator-block-size=4194304"
    "memorysetup-typetree-allocator-block-size=2097152"
    "memorysetup-profiler-bucket-allocator-granularity=16"
    "memorysetup-profiler-bucket-allocator-bucket-count=8"
    "memorysetup-profiler-bucket-allocator-block-size=33554432"
    "memorysetup-profiler-bucket-allocator-block-count=8"
    "memorysetup-profiler-allocator-block-size=16777216"
    "memorysetup-profiler-editor-allocator-block-size=1048576"
    "memorysetup-temp-allocator-size-main=16777216"
    "memorysetup-job-temp-allocator-block-size=2097152"
    "memorysetup-job-temp-allocator-block-size-background=1048576"
    "memorysetup-job-temp-allocator-reduction-small-platforms=262144"
Logging is directed to a specific file, skipping project log.Player connection [8758587520]  Target information:

Player connection [8758587520]  * "[IP] 192.168.1.172 [Port] 55504 [Flags] 2 [Guid] 1441904315 [EditorId] 1441904315 [Version] 1048832 [Id] OSXEditor(0,LovelyjoydeMac-mini.local) [Debug] 1 [PackageName] OSXEditor [ProjectName] Editor" 

Player connection [8758587520]  * "[IP] 192.168.1.206 [Port] 55504 [Flags] 2 [Guid] 1441904315 [EditorId] 1441904315 [Version] 1048832 [Id] OSXEditor(0,LovelyjoydeMac-mini.local) [Debug] 1 [PackageName] OSXEditor [ProjectName] Editor" 

Player connection [8758587520]  * "[IP] 198.18.0.1 [Port] 55504 [Flags] 2 [Guid] 1441904315 [EditorId] 1441904315 [Version] 1048832 [Id] OSXEditor(0,LovelyjoydeMac-mini.local) [Debug] 1 [PackageName] OSXEditor [ProjectName] Editor" 

Player connection [8758587520] Host joined multi-casting on [225.0.0.222:54997]...
Player connection [8758587520] Host joined alternative multi-casting on [225.0.0.222:34997]...
Input System module state changed to: Initialized.
[Physics::Module] Initialized fallback backend.
[Physics::Module] Id: 0xdecafbad
[Licensing::Client] Error: HandshakeResponse reported an error:
	ResponseCode: 505
	ResponseStatus: Unsupported protocol version '1.18.1'.
[Licensing::Module] Error: Failed to handshake to channel: "LicenseClient-lovelyjoy"
[Licensing::IpcConnector] LicenseClient-lovelyjoy channel disconnected successfully.
[Licensing::IpcConnector] Channel LicenseClient-lovelyjoy-6000.5.2 doesn't exist
Launching external process: /Applications/Unity/Hub/Editor/6000.5.2f1/Unity.app/Contents/Helpers/UnityLicensingClient.app/Contents/MacOS/Unity.Licensing.Client
[Licensing::Module] Successfully launched the LicensingClient (PId: 18828)
[Package Manager] Connected to IPC stream "Upm-18744" after 0.3 seconds.
[Licensing::Module] Licensing is not yet initialized.
[Licensing::IpcConnector] Successfully connected to: "LicenseClient-lovelyjoy-6000.5.2" at "2026-07-04T05:36:21.33862Z"
[Licensing::Client] Handshaking with LicensingClient:
  Version:                 1.18.1+9fbee8e
  Session Id:              db1be2057ea948b6bdb65df61e1a5170
  Correlation Id:          462109a5062bbfb52f849d901b678091
  External correlation Id: 1733373661315135985
  Machine Id:              SDHUngXkiKNcxSPIxgVLa+vPMH8=
[Licensing::Module] Successfully connected to LicensingClient on channel: "LicenseClient-lovelyjoy-6000.5.2" (connect: 0.57s, validation: 0.05s, handshake: 0.27s)
[Licensing::IpcConnector] Successfully connected to: "LicenseClient-lovelyjoy-6000.5.2-notifications" at "2026-07-04T05:36:21.654991Z"
[Licensing::Module] Connected to LicensingClient (PId: 18828, launch time: 0.00, total connection time: 0.89s)
[Licensing::Module] Error: Access token is unavailable; failed to update
[Licensing::Client] Successfully resolved entitlement details
[Licensing::Module] License group:
  Id: 18968458761207-UnityPersXXXX
  Product: Unity Personal
  Type: Assigned
  Expiration: Unlimited
[Licensing::Client] Successfully updated license, isAsync: True, time: 0.00
[Licensing::Client] Successfully resolved entitlement details
[Licensing::Module] Licensing Background thread has ended after 1.23s
[Licensing::Module] Licensing is initialized (took 0.74s).
[Licensing::Client] Successfully resolved entitlement details
Library Redirect Path: Library/
[Physics::Module] Selected backend.
[Physics::Module] Name: PhysX
[Physics::Module] Id: 0xf2b8ea05
[Physics::Module] SDK Version: 4.1.2
[Physics::Module] Integration Version: 1.0.0
[Physics::Module] Threading Mode: Multi-Threaded
Initialize engine version: 6000.5.2f1 (eb73d3b415a1)
[Subsystems] Discovering subsystems at path /Applications/Unity/Hub/Editor/6000.5.2f1/Unity.app/Contents/Resources/UnitySubsystems
[Subsystems] Discovering subsystems at path /Users/lovelyjoy/Desktop/soulForge/unity/SoulForgeUnityClient/Assets
GfxDevice: creating device client; kGfxThreadingModeNonThreaded
 preferred device: Apple M4 (high power)
Metal devices available: 1
0: Apple M4 (high power)
Using device Apple M4 (high power)
Initializing Metal device caps: Apple M4
Mac GPU Family: 2
Apple GPU Family: 9
MSL Version: 3.0
Has Float MSAA: 1
Has Float Filtering: 1
ReadWrite Texture Tier: 2
Initialize mono
Mono path[0] = '/Applications/Unity/Hub/Editor/6000.5.2f1/Unity.app/Contents/Resources/Scripting/Managed'
Mono path[1] = '/Applications/Unity/Hub/Editor/6000.5.2f1/Unity.app/Contents/Resources/Scripting/BCLExtensions/runtime/netstandard2.1'
Mono path[2] = '/Applications/Unity/Hub/Editor/6000.5.2f1/Unity.app/Contents/Resources/Scripting/MonoBleedingEdge/lib/mono/unityjit-macos'
Mono config path = '/Applications/Unity/Hub/Editor/6000.5.2f1/Unity.app/Contents/Resources/Scripting/MonoBleedingEdge/etc'
Using monoOptions --debugger-agent=transport=dt_socket,embedding=1,server=y,suspend=n,address=127.0.0.1:56744
CodeReloadManager initialized
ImportWorker Server TCP listen port: 0
AcceleratorClientConnectionCallback - disconnected - :0
Begin MonoManager ReloadAssembly
Registering precompiled unity dll's ...
Register platform support module: /Applications/Unity/Hub/Editor/6000.5.2f1/PlaybackEngines/WebGLSupport/UnityEditor.WebGL.Extensions.dll
Register platform support module: /Applications/Unity/Hub/Editor/6000.5.2f1/PlaybackEngines/MacStandaloneSupport/UnityEditor.OSXStandalone.Extensions.dll
Registered in 0.001402 seconds.
Native extension for OSXStandalone target not found
Native extension for WebGL target not found
Package Manager log level set to [2]
ScheduleIndexationOnStartup MainProcess:False IndexOnStartup:False
Mono: successfully reloaded assembly
- Finished resetting the current domain, in  0.220 seconds
Domain Reload Profiling: 545ms
	BeginReloadAssembly (98ms)
		CreateAndSetChildDomain (7ms)
	RebuildCommonClasses (3ms)
	RebuildNativeTypeToScriptingClass (14ms)
	initialDomainReloadingComplete (41ms)
	LoadAllAssembliesAndSetupDomain (168ms)
		LoadAssemblies (92ms)
		AnalyzeDomain (128ms)
			TypeCache.Refresh (128ms)
				TypeCache.ScanAssembly (116ms)
	FinalizeReload (222ms)
		SetupLoadedEditorAssemblies (0ms)
			BeforeProcessingInitializeOnLoad (46ms)
			ProcessInitializeOnLoadAttributes (52ms)
			ProcessInitializeOnLoadMethodAttributes (82ms)
[Licensing::Client] Successfully resolved entitlement details
Application.AssetDatabase Initial Refresh Start
[Package Manager] Restoring resolved packages state from cache
[Licensing::Client] Successfully resolved entitlement details
[Package Manager] Registered 47 packages:
  Packages from [https://packages.unity.com]:
    com.unity.searcher@4.9.4 (location: /Users/lovelyjoy/Desktop/soulForge/unity/SoulForgeUnityClient/Library/PackageCache/com.unity.searcher@d45a78918735)
    com.unity.burst@1.8.29 (location: /Users/lovelyjoy/Desktop/soulForge/unity/SoulForgeUnityClient/Library/PackageCache/com.unity.burst@6bb9aca3ef38)
    com.unity.nuget.mono-cecil@1.11.6 (location: /Users/lovelyjoy/Desktop/soulForge/unity/SoulForgeUnityClient/Library/PackageCache/com.unity.nuget.mono-cecil@ecb9724e46ff)
    com.unity.test-framework.performance@3.5.0 (location: /Users/lovelyjoy/Desktop/soulForge/unity/SoulForgeUnityClient/Library/PackageCache/com.unity.test-framework.performance@8b56083ec0f0)
  Built-in packages:
    com.unity.render-pipelines.universal@17.5.0 (location: /Users/lovelyjoy/Desktop/soulForge/unity/SoulForgeUnityClient/Library/PackageCache/com.unity.render-pipelines.universal@748d7458cc62)
    com.unity.test-framework@1.7.0 (location: /Users/lovelyjoy/Desktop/soulForge/unity/SoulForgeUnityClient/Library/PackageCache/com.unity.test-framework@1405238725ab)
    com.unity.textmeshpro@5.0.0 (location: /Users/lovelyjoy/Desktop/soulForge/unity/SoulForgeUnityClient/Library/PackageCache/com.unity.textmeshpro@53f43edfd2e0)
    com.unity.ugui@2.5.0 (location: /Users/lovelyjoy/Desktop/soulForge/unity/SoulForgeUnityClient/Library/PackageCache/com.unity.ugui@3d1ea40b73ef)
    com.unity.modules.ai@1.0.0 (location: /Users/lovelyjoy/Desktop/soulForge/unity/SoulForgeUnityClient/Library/PackageCache/com.unity.modules.ai)
    com.unity.modules.androidjni@1.0.0 (location: /Users/lovelyjoy/Desktop/soulForge/unity/SoulForgeUnityClient/Library/PackageCache/com.unity.modules.androidjni)
    com.unity.modules.animation@1.0.0 (location: /Users/lovelyjoy/Desktop/soulForge/unity/SoulForgeUnityClient/Library/PackageCache/com.unity.modules.animation)
    com.unity.modules.assetbundle@1.0.0 (location: /Users/lovelyjoy/Desktop/soulForge/unity/SoulForgeUnityClient/Library/PackageCache/com.unity.modules.assetbundle)
    com.unity.modules.audio@1.0.0 (location: /Users/lovelyjoy/Desktop/soulForge/unity/SoulForgeUnityClient/Library/PackageCache/com.unity.modules.audio)
    com.unity.modules.cloth@1.0.0 (location: /Users/lovelyjoy/Desktop/soulForge/unity/SoulForgeUnityClient/Library/PackageCache/com.unity.modules.cloth)
    com.unity.modules.director@1.0.0 (location: /Users/lovelyjoy/Desktop/soulForge/unity/SoulForgeUnityClient/Library/PackageCache/com.unity.modules.director)
    com.unity.modules.imageconversion@1.0.0 (location: /Users/lovelyjoy/Desktop/soulForge/unity/SoulForgeUnityClient/Library/PackageCache/com.unity.modules.imageconversion)
    com.unity.modules.imgui@1.0.0 (location: /Users/lovelyjoy/Desktop/soulForge/unity/SoulForgeUnityClient/Library/PackageCache/com.unity.modules.imgui)
    com.unity.modules.jsonserialize@1.0.0 (location: /Users/lovelyjoy/Desktop/soulForge/unity/SoulForgeUnityClient/Library/PackageCache/com.unity.modules.jsonserialize)
    com.unity.modules.particlesystem@1.0.0 (location: /Users/lovelyjoy/Desktop/soulForge/unity/SoulForgeUnityClient/Library/PackageCache/com.unity.modules.particlesystem)
    com.unity.modules.physics@1.0.0 (location: /Users/lovelyjoy/Desktop/soulForge/unity/SoulForgeUnityClient/Library/PackageCache/com.unity.modules.physics)
    com.unity.modules.physics2d@1.0.0 (location: /Users/lovelyjoy/Desktop/soulForge/unity/SoulForgeUnityClient/Library/PackageCache/com.unity.modules.physics2d)
    com.unity.modules.screencapture@1.0.0 (location: /Users/lovelyjoy/Desktop/soulForge/unity/SoulForgeUnityClient/Library/PackageCache/com.unity.modules.screencapture)
    com.unity.modules.terrain@1.0.0 (location: /Users/lovelyjoy/Desktop/soulForge/unity/SoulForgeUnityClient/Library/PackageCache/com.unity.modules.terrain)
    com.unity.modules.terrainphysics@1.0.0 (location: /Users/lovelyjoy/Desktop/soulForge/unity/SoulForgeUnityClient/Library/PackageCache/com.unity.modules.terrainphysics)
    com.unity.modules.tilemap@1.0.0 (location: /Users/lovelyjoy/Desktop/soulForge/unity/SoulForgeUnityClient/Library/PackageCache/com.unity.modules.tilemap)
    com.unity.modules.ui@1.0.0 (location: /Users/lovelyjoy/Desktop/soulForge/unity/SoulForgeUnityClient/Library/PackageCache/com.unity.modules.ui)
    com.unity.modules.uielements@1.0.0 (location: /Users/lovelyjoy/Desktop/soulForge/unity/SoulForgeUnityClient/Library/PackageCache/com.unity.modules.uielements)
    com.unity.modules.umbra@1.0.0 (location: /Users/lovelyjoy/Desktop/soulForge/unity/SoulForgeUnityClient/Library/PackageCache/com.unity.modules.umbra)
    com.unity.modules.unityanalytics@1.0.0 (location: /Users/lovelyjoy/Desktop/soulForge/unity/SoulForgeUnityClient/Library/PackageCache/com.unity.modules.unityanalytics)
    com.unity.modules.unitywebrequest@1.0.0 (location: /Users/lovelyjoy/Desktop/soulForge/unity/SoulForgeUnityClient/Library/PackageCache/com.unity.modules.unitywebrequest)
    com.unity.modules.unitywebrequestassetbundle@1.0.0 (location: /Users/lovelyjoy/Desktop/soulForge/unity/SoulForgeUnityClient/Library/PackageCache/com.unity.modules.unitywebrequestassetbundle)
    com.unity.modules.unitywebrequestaudio@1.0.0 (location: /Users/lovelyjoy/Desktop/soulForge/unity/SoulForgeUnityClient/Library/PackageCache/com.unity.modules.unitywebrequestaudio)
    com.unity.modules.unitywebrequesttexture@1.0.0 (location: /Users/lovelyjoy/Desktop/soulForge/unity/SoulForgeUnityClient/Library/PackageCache/com.unity.modules.unitywebrequesttexture)
    com.unity.modules.unitywebrequestwww@1.0.0 (location: /Users/lovelyjoy/Desktop/soulForge/unity/SoulForgeUnityClient/Library/PackageCache/com.unity.modules.unitywebrequestwww)
    com.unity.modules.vehicles@1.0.0 (location: /Users/lovelyjoy/Desktop/soulForge/unity/SoulForgeUnityClient/Library/PackageCache/com.unity.modules.vehicles)
    com.unity.modules.video@1.0.0 (location: /Users/lovelyjoy/Desktop/soulForge/unity/SoulForgeUnityClient/Library/PackageCache/com.unity.modules.video)
    com.unity.modules.wind@1.0.0 (location: /Users/lovelyjoy/Desktop/soulForge/unity/SoulForgeUnityClient/Library/PackageCache/com.unity.modules.wind)
    com.unity.modules.xr@1.0.0 (location: /Users/lovelyjoy/Desktop/soulForge/unity/SoulForgeUnityClient/Library/PackageCache/com.unity.modules.xr)
    com.unity.modules.subsystems@1.0.0 (location: /Users/lovelyjoy/Desktop/soulForge/unity/SoulForgeUnityClient/Library/PackageCache/com.unity.modules.subsystems)
    com.unity.modules.hierarchycore@1.0.0 (location: /Users/lovelyjoy/Desktop/soulForge/unity/SoulForgeUnityClient/Library/PackageCache/com.unity.modules.hierarchycore)
    com.unity.modules.physicscore2d@1.0.0 (location: /Users/lovelyjoy/Desktop/soulForge/unity/SoulForgeUnityClient/Library/PackageCache/com.unity.modules.physicscore2d)
    com.unity.ext.nunit@2.1.0 (location: /Users/lovelyjoy/Desktop/soulForge/unity/SoulForgeUnityClient/Library/PackageCache/com.unity.ext.nunit@44f7d31723bd)
    com.unity.render-pipelines.core@17.5.0 (location: /Users/lovelyjoy/Desktop/soulForge/unity/SoulForgeUnityClient/Library/PackageCache/com.unity.render-pipelines.core@9fe9377312a8)
    com.unity.shadergraph@17.5.0 (location: /Users/lovelyjoy/Desktop/soulForge/unity/SoulForgeUnityClient/Library/PackageCache/com.unity.shadergraph@2df19e8719bc)
    com.unity.render-pipelines.universal-config@17.5.0 (location: /Users/lovelyjoy/Desktop/soulForge/unity/SoulForgeUnityClient/Library/PackageCache/com.unity.render-pipelines.universal-config@fdda01c80fe3)
    com.unity.collections@6.5.0 (location: /Users/lovelyjoy/Desktop/soulForge/unity/SoulForgeUnityClient/Library/PackageCache/com.unity.collections@a43cabe808ca)
    com.unity.mathematics@1.4.0 (location: /Users/lovelyjoy/Desktop/soulForge/unity/SoulForgeUnityClient/Library/PackageCache/com.unity.mathematics@981956d94fb6)
[Package Manager] com.unity.textmeshpro is deprecated: This package is no longer supported. TextMeshPro functionalities are now included in the com.unity.ugui package. To continue using them, consider adding it to your project dependencies.
[Subsystems] No new subsystems found in resolved package list.
[Package Manager] Done registering packages in 0.01 seconds
[ScriptCompilation] Requested script compilation because: AssetDatabase observed changes in script compilation related files
info: Microsoft.Hosting.Lifetime[14]
      Now listening on: http://unix:/tmp/ilpp.sock-f0dc56c254e8e77c743ce7d5d332a1a3
info: Microsoft.Hosting.Lifetime[0]
      Application started. Press Ctrl+C to shut down.
info: Microsoft.Hosting.Lifetime[0]
      Hosting environment: Production
info: Microsoft.Hosting.Lifetime[0]
      Content root path: /Users/lovelyjoy/Desktop/soulForge/unity/SoulForgeUnityClient
info: Microsoft.AspNetCore.Hosting.Diagnostics[1]
      Request starting HTTP/2 POST http://ilpp/UnityILPP.PostProcessing/Ping - application/grpc -
info: Microsoft.AspNetCore.Routing.EndpointMiddleware[0]
      Executing endpoint 'gRPC - /UnityILPP.PostProcessing/Ping'
info: Microsoft.AspNetCore.Routing.EndpointMiddleware[1]
      Executed endpoint 'gRPC - /UnityILPP.PostProcessing/Ping'
info: Microsoft.AspNetCore.Hosting.Diagnostics[2]
      Request finished HTTP/2 POST http://ilpp/UnityILPP.PostProcessing/Ping - 200 - application/grpc 34.5087ms
Starting: /Applications/Unity/Hub/Editor/6000.5.2f1/Unity.app/Contents/Resources/BuildPipeline/bee_backend --ipc --defer-dag-verification --dagfile="Library/Bee/200b0aE.dag" --continue-on-failure --profile="Library/Bee/backend1.traceevents" ScriptAssemblies
WorkingDir: /Users/lovelyjoy/Desktop/soulForge/unity/SoulForgeUnityClient
DisplayProgressbar: Compiling Scripts
info: Microsoft.AspNetCore.Hosting.Diagnostics[1]
      Request starting HTTP/2 POST http://ilpp/UnityILPP.PostProcessing/ConfigurePostProcessors - application/grpc -
info: Microsoft.AspNetCore.Routing.EndpointMiddleware[0]
      Executing endpoint 'gRPC - /UnityILPP.PostProcessing/ConfigurePostProcessors'
warn: Unity.ILPP.Runner.PostProcessingAssemblyLoadContext[0]
      Assembly system.runtime.interopservices.windowsruntime has duplicate hint path. Ignoring "/Applications/Unity/Hub/Editor/6000.5.2f1/Unity.app/Contents/Resources/Scripting/UnityReferenceAssemblies/unity-4.8-api/Facades/System.Runtime.InteropServices.WindowsRuntime.dll" in favor of "/Applications/Unity/Hub/Editor/6000.5.2f1/Unity.app/Contents/Resources/Scripting/NetStandard/Extensions/2.0.0/System.Runtime.InteropServices.WindowsRuntime.dll"
warn: Unity.ILPP.Runner.PostProcessingAssemblyLoadContext[0]
      Assembly system.componentmodel.composition has duplicate hint path. Ignoring "/Applications/Unity/Hub/Editor/6000.5.2f1/Unity.app/Contents/Resources/Scripting/UnityReferenceAssemblies/unity-4.8-api/System.ComponentModel.Composition.dll" in favor of "/Applications/Unity/Hub/Editor/6000.5.2f1/Unity.app/Contents/Resources/Scripting/NetStandard/compat/2.1.0/shims/netfx/System.ComponentModel.Composition.dll"
info: Unity.ILPP.Runner.PostProcessingAssemblyLoadContext[0]
      Resolved Unity.Burst.Cecil, Version=0.11.6.0, Culture=neutral, PublicKeyToken=50cebf1cceb9d05e with Library/PackageCache/com.unity.burst@6bb9aca3ef38/Unity.Burst.CodeGen/Unity.Burst.Cecil.dll
info: Unity.ILPP.Runner.PostProcessingAssemblyLoadContext[0]
      Resolved Mono.Cecil, Version=0.11.5.0, Culture=neutral, PublicKeyToken=50cebf1cceb9d05e with Library/PackageCache/com.unity.nuget.mono-cecil@ecb9724e46ff/Mono.Cecil.dll
info: Microsoft.AspNetCore.Routing.EndpointMiddleware[1]
      Executed endpoint 'gRPC - /UnityILPP.PostProcessing/ConfigurePostProcessors'
info: Microsoft.AspNetCore.Hosting.Diagnostics[2]
      Request finished HTTP/2 POST http://ilpp/UnityILPP.PostProcessing/ConfigurePostProcessors - 200 - application/grpc 17.5100ms
info: Microsoft.AspNetCore.Hosting.Diagnostics[1]
      Request starting HTTP/2 POST http://ilpp/UnityILPP.PostProcessing/PostProcessAssembly - application/grpc -
info: Microsoft.AspNetCore.Routing.EndpointMiddleware[0]
      Executing endpoint 'gRPC - /UnityILPP.PostProcessing/PostProcessAssembly'
info: Unity.ILPP.Runner.PostProcessingPipeline[0]
      Processing assembly Library/Bee/artifacts/200b0aE.dag/SoulForge.UnityClient.Editor.dll, with 134 defines and 296 references
info: Unity.ILPP.Runner.PostProcessingPipeline[0]
      processors: Unity.Jobs.CodeGen.JobsILPostProcessor, zzzUnity.Burst.CodeGen.BurstILPostProcessor
info: Unity.ILPP.Runner.PostProcessingPipeline[0]
      running Unity.Jobs.CodeGen.JobsILPostProcessor
info: Unity.ILPP.Runner.PostProcessingPipeline[0]
      running zzzUnity.Burst.CodeGen.BurstILPostProcessor
info: Microsoft.AspNetCore.Routing.EndpointMiddleware[1]
      Executed endpoint 'gRPC - /UnityILPP.PostProcessing/PostProcessAssembly'
info: Microsoft.AspNetCore.Hosting.Diagnostics[2]
      Request finished HTTP/2 POST http://ilpp/UnityILPP.PostProcessing/PostProcessAssembly - 200 - application/grpc 9.3311ms
ExitCode: 0 Duration: 2s370ms
[461/583    0s] ILPP-Configuration Library/ilpp-configuration.nevergeneratedoutput
[579/583    2s] Csc Library/Bee/artifacts/200b0aE.dag/SoulForge.UnityClient.Editor.dll (+2 others)
Assets/SoulForge/Editor/SoulForgeSceneBuilder.cs(96,62): warning CS0618: 'Object.FindObjectOfType<T>()' is obsolete: 'Object.FindObjectOfType has been deprecated. Use Object.FindAnyObjectByType instead.'
[580/583    0s] ILPostProcess Library/Bee/artifacts/200b0aE.dag/post-processed/SoulForge.UnityClient.Editor.dll (+pdb)
Processing assembly Library/Bee/artifacts/200b0aE.dag/SoulForge.UnityClient.Editor.dll, with 134 defines and 296 references
processors: Unity.Jobs.CodeGen.JobsILPostProcessor, zzzUnity.Burst.CodeGen.BurstILPostProcessor
running Unity.Jobs.CodeGen.JobsILPostProcessor
running zzzUnity.Burst.CodeGen.BurstILPostProcessor
[581/583    0s] CopyFiles Library/ScriptAssemblies/SoulForge.UnityClient.Editor.dll
[582/583    0s] CopyFiles Library/ScriptAssemblies/SoulForge.UnityClient.Editor.pdb
*** Tundra build success (2.36 seconds), 5 items updated, 583 evaluated
Assets/SoulForge/Editor/SoulForgeSceneBuilder.cs(96,62): warning CS0618: 'Object.FindObjectOfType<T>()' is obsolete: 'Object.FindObjectOfType has been deprecated. Use Object.FindAnyObjectByType instead.'
AssetDatabase: script compilation time: 2.956211s
Total cache size 18097732
Total cache size after purge 18097732, took 00:00:00.0240211
Begin MonoManager ReloadAssembly
Native extension for OSXStandalone target not found
Native extension for WebGL target not found
ScheduleIndexationOnStartup MainProcess:True IndexOnStartup:True
Mono: successfully reloaded assembly
- Finished resetting the current domain, in  1.122 seconds
Domain Reload Profiling: 1578ms
	BeginReloadAssembly (192ms)
		DisableScriptedObjects (12ms)
		CreateAndSetChildDomain (56ms)
	RebuildCommonClasses (5ms)
	RebuildNativeTypeToScriptingClass (9ms)
	initialDomainReloadingComplete (22ms)
	LoadAllAssembliesAndSetupDomain (228ms)
		LoadAssemblies (213ms)
		AnalyzeDomain (66ms)
			TypeCache.Refresh (45ms)
				TypeCache.ScanAssembly (38ms)
			BuildScriptInfoCaches (17ms)
			ResolveRequiredComponents (3ms)
	FinalizeReload (1122ms)
		SetupLoadedEditorAssemblies (0ms)
			BeforeProcessingInitializeOnLoad (44ms)
			ProcessInitializeOnLoadAttributes (888ms)
			ProcessInitializeOnLoadMethodAttributes (77ms)
		AwakeInstancesAfterBackupRestoration (7ms)
Starting new worker id: 0 with log in /Users/lovelyjoy/Desktop/soulForge/unity/SoulForgeUnityClient/Logs/AssetImportWorkerHW0.log

Asset Pipeline Refresh (id=2402efdaebdbc49ef850c2a489ca74c7): Total: 5.277 seconds - Initiated by InitialRefreshV2(ForceSynchronousImport)
	(Values over 0.05ms)
	Summary:
		Imports: total=0 (actual=0, local cache=0, cache server=0)
		Asset DB Process Time: managed=0 ms, native=1490 ms
		Asset DB Callback time: managed=318 ms, native=21 ms
		Scripting: domain reloads=1, domain reload time=472 ms, compile time=2960 ms, other=13 ms
		Project Asset Count: scripts=771, non-scripts=1407
		Asset File Changes: new=0, changed=1, moved=0, deleted=0
		Scan Filter Count: 1
	InvokePackagesCallback: 17.100ms
	ApplyChangesToAssetFolders: 0.203ms
	Scan: 207.484ms
	Collect global state as custom dependencies: 3.271ms
	OnSourceAssetsModified: 0.487ms
	CategorizeScriptCompilationAssets: 12.807ms
	ProcessAssetsWithTransientArtifactChanges: 20.897ms
	CategorizeAssets: 37.573ms
	CompileScripts: 2960.273ms
	ImportOutOfDateAssets: 1145.377ms (1127.515ms without children)
		UnloadImportedAssets: 0.160ms
		EnsureUptoDateAssetsAreRegisteredWithGuidPM: 0.207ms
		ImportSchedulerStart: 17.492ms
	PostProcessAllAssets: 320.073ms
		VCAutoAddAssetPostprocess 1.556ms
		MonoPostProcessAllAssets: 317.838ms
			UniversalRenderPipelineGlobalSettingsPostprocessor.OnPostprocessAllAssets 222.025ms
			AssetPostprocessor.OnPostprocessAllAssets 48.200ms
			StyleCatalogPostProcessor.OnPostprocessAllAssets 9.932ms
			BuilderAssetPostprocessor.OnPostprocessAllAssets 3.476ms
			WindowAssetPostprocessingWatcher.OnPostprocessAllAssets 0.962ms
			RetainedModeAssetPostprocessor.OnPostprocessAllAssets 0.937ms
			AssetChangedListener.OnPostprocessAllAssets 0.867ms
			SpeedTree9Postprocessor.OnPostprocessAllAssets 0.852ms
			ShaderGraphAssetPostProcessor.OnPostprocessAllAssets 0.769ms
			SyncVS.PostprocessSyncProject 0.508ms
			ArtifactBrowserPostProcessor.OnPostprocessAllAssets 0.428ms
			MaterialPostprocessor.OnPostprocessAllAssets 0.350ms
			AudioMixerPostprocessor.OnPostprocessAllAssets 0.290ms
			TMPro_TexturePostProcessor.OnPostprocessAllAssets 0.281ms
			SampleDependencyImporterPostProcessor.OnPostprocessAllAssets 0.248ms
			ReferencedClipsPostProcessor.OnPostprocessAllAssets 0.204ms
			AssetEvents.OnPostprocessAllAssets 0.187ms
			TextAssetPostProcessor.OnPostprocessAllAssets 0.153ms
			ShaderReflectionAssetPostProcessor.OnPostprocessAllAssets 0.149ms
			PostProcessor.OnPostprocessAllAssets 0.115ms
			TerrainToolbarOverlayPostProcessor.OnPostprocessAllAssets 0.084ms
			AssetDatabaseCallbacks.OnPostprocessAllAssets 0.073ms
			SpeedTreePostProcessor.OnPostprocessAllAssets 0.064ms
			ConfigAssetsTracker.OnPostprocessAllAssets 0.052ms
			ScenarioDriftAssetsTracker.OnPostprocessAllAssets 0.051ms
	PostAssetChangesProfiler: 2.471ms
	UnloadStreamsBegin: 0.767ms
	GenerateScriptTypeHashes: 1.050ms
	GenerateScriptTypeSerializationHashes: 1.865ms
	Untracked: 546.069ms

Application.AssetDatabase Initial Refresh End
Shader Hidden/ChartRasterizerHardware is not supported: GPU does not support conservative rasterization
Launching external process: /Applications/Unity/Hub/Editor/6000.5.2f1/Unity.app/Contents/Helpers/UnityShaderCompiler
Launched and connected shader compiler UnityShaderCompiler after 0.06 seconds
Shader Hidden/ChartRasterizerHardware is not supported: GPU does not support conservative rasterization
Scanning for USB devices : 0.348ms
Initializing Unity extensions:
[MODES] ModeService[none].Initialize
[MODES] ModeService[none].LoadModes
[MODES] Loading mode Default (0) for mode-current-id-SoulForgeUnityClient
2026-07-04 13:36:28.176 Unity[18744:88320738] NSEventModifierFlagFunction specified to -setKeyEquivalentModifierMask: for item <NSMenuItem: 0xb8ba53660 SDF, ke='Command-F12'>, but is only supported for system-provided menu items; will not be used
Unloading 247 Unused Serialized files (Serialized files now loaded: 0)
Unloading 3184 unused Assets / (8.5 MB). Loaded Objects now: 3996.
Memory consumption went from 240.4 MB to 231.8 MB.
Total: 9.036500 ms (FindLiveObjects: 0.220167 ms CreateObjectMapping: 0.409375 ms MarkObjects: 6.251750 ms  DeleteObjects: 2.154708 ms)

2026-07-04 13:36:28.309 Unity[18744:88320738] NSEventModifierFlagFunction specified to -setKeyEquivalentModifierMask: for item <NSMenuItem: 0xb8ba50b40 SDF, ke='Command-F12'>, but is only supported for system-provided menu items; will not be used
Unloading 1 Unused Serialized files (Serialized files now loaded: 0)
Unloading 0 unused Assets / (2.2 KB). Loaded Objects now: 3998.
Memory consumption went from 188.4 MB to 188.3 MB.
Total: 5.924209 ms (FindLiveObjects: 0.105834 ms CreateObjectMapping: 0.176875 ms MarkObjects: 5.633916 ms  DeleteObjects: 0.007084 ms)

Importing 'GUID: bb623ecda68404456a3b16c65be30fe7 - Path: Assets/SoulForge/Scenes/SoulForgeApartment.unity' with importer (DefaultImporter)
Imported 'GUID: bb623ecda68404456a3b16c65be30fe7' -> (Import Result ID: 'b5ff09f0b38e379598095fd2ecef143e') in 0.016 seconds [static dependencies only]. Details - ImportResultOutputID=c5a1ac5b2395a2fc11334f4b47000fc9 DependenciesID=f49a942c97debb84213d196604fe991a StaticDependenciesID=e84751c462f7fcd23188691bfc544a79 
Worker ready: AssetImportWorkerHW0 0
Asset Pipeline Refresh (id=2c41136eb4eda49248963042c214bb3a): Total: 0.246 seconds - Initiated by StopAssetImportingV2(NoUpdateAssetOptions)
Asset Pipeline Refresh (id=83a38085fbfc34953af173494a3e42d7): Total: 0.058 seconds - Initiated by RefreshV2(NoUpdateAssetOptions)
Batchmode quit successfully invoked - shutting down!
Curl error 42: Callback aborted
Thread 0x318c07000 may have been prematurely finalized
Input System module state changed to: ShutdownInProgress.
Input Polling Thread exited.
Input System module state changed to: Shutdown.
[Physics::Module] Cleanup current backend.
[Physics::Module] Id: 0xf2b8ea05
[Licensing::IpcConnector] LicenseClient-lovelyjoy-6000.5.2-notifications channel disconnected successfully.
[Licensing::IpcConnector] LicenseClient-lovelyjoy-6000.5.2 channel disconnected successfully.
Thread 0x1704e7000 may have been prematurely finalized
Thread 0x170573000 may have been prematurely finalized
Thread 0x1705ff000 may have been prematurely finalized
Thread 0x17068b000 may have been prematurely finalized
Thread 0x170717000 may have been prematurely finalized
Thread 0x1707a3000 may have been prematurely finalized
Thread 0x17082f000 may have been prematurely finalized
Thread 0x170947000 may have been prematurely finalized
Thread 0x1708bb000 may have been prematurely finalized
正在关闭 MSBuild 服务器...
正在关闭 VB/C# 编译器服务器...
AcceleratorClientConnectionCallback - disconnected - :0
Thread 0x172083000 may have been prematurely finalized
Cleanup mono
CodeReloadManager destroyed
info: Microsoft.Hosting.Lifetime[0]
      Application is shutting down...
info: Unity.ILPP.Runner.PostProcessingAssemblyLoadContext[0]
      ALC ILPP context 1 is unloading
成功关闭 MSBuild 服务器。
成功关闭 VB/C# 编译器服务器。
debugger-agent: Unable to listen on 43
Exiting batchmode successfully now!
[Package Manager] Server process was shutdown
