Unity Editor version:    6000.5.2f1 (eb73d3b415a1)
Branch:                  6000.5/staging
Build type:              Release
Batch mode:              YES
macOS version:           Version 26.3 (Build 25D125)
Darwin version:          25.3.0
Architecture:            arm64
Running under Rosetta:   NO
Available memory:        16384 MB
Date:                    2026-07-04T06:36:56Z
[Licensing::Module] Trying to connect to existing licensing client channel...
[Licensing::IpcConnector] Successfully connected to: "LicenseClient-lovelyjoy" at "2026-07-04T06:36:56.054354Z"
Launching external process: /Applications/Unity/Hub/Editor/6000.5.2f1/Unity.app/Contents/Helpers/PackageManager/Server/UnityPackageManager

COMMAND LINE ARGUMENTS:
/Applications/Unity/Hub/Editor/6000.5.2f1/Unity.app/Contents/MacOS/Unity
-batchmode
-quit
-projectPath
/Users/lovelyjoy/Desktop/soulForge/unity/SoulForgeUnityClient
-executeMethod
SoulForge.UnityClient.Editor.SoulForgeSceneBuilder.CreateApartmentDemoScene
-logFile
/Users/lovelyjoy/Desktop/soulForge/outputs/unity/unity_create_scene_assetpass_v2.log
Successfully changed project path to: /Users/lovelyjoy/Desktop/soulForge/unity/SoulForgeUnityClient
/Users/lovelyjoy/Desktop/soulForge/unity/SoulForgeUnityClient
[UnityMemory] Configuration Parameters - Can be set up in boot.config
    "memorysetup-temp-allocator-size-gi-baking-worker=262144"
    "memorysetup-temp-allocator-size-gi-baking-worker=262144"
    "memorysetup-temp-allocator-size-gi-baking-worker=262144"
    "memorysetup-temp-allocator-size-gi-baking-worker=262144"
    "memorysetup-temp-allocator-size-gi-baking-worker=262144"
    "memorysetup-temp-allocator-size-nav-mesh-worker=65536"
    "memorysetup-temp-allocator-size-audio-worker=65536"
    "memorysetup-temp-allocator-size-cloud-worker=32768"
    "memorysetup-allocator-temp-initial-block-size-main=262144"
    "memorysetup-allocator-temp-initial-block-size-worker=262144"
    "memorysetup-temp-allocator-size-preload-manager=33554432"
    "memorysetup-temp-allocator-size-gfx=262144"
    "memorysetup-temp-allocator-size-background-worker=32768"
    "memorysetup-temp-allocator-size-job-worker=262144"
    "memorysetup-bucket-allocator-granularity=16"
    "memorysetup-bucket-allocator-bucket-count=8"
    "memorysetup-bucket-allocator-block-size=33554432"
    "memorysetup-bucket-allocator-block-count=8"
    "memorysetup-main-allocator-block-size=16777216"
    "memorysetup-thread-allocator-block-size=16777216"
    "memorysetup-main-allocator-mimalloc-enabled=0"
    "memorysetup-gfx-main-allocator-block-size=16777216"
    "memorysetup-gfx-thread-allocator-block-size=16777216"
    "memorysetup-cache-allocator-block-size=4194304"
    "memorysetup-typetree-allocator-block-size=2097152"
    "memorysetup-profiler-bucket-allocator-granularity=16"
    "memorysetup-profiler-bucket-allocator-bucket-count=8"
    "memorysetup-profiler-bucket-allocator-block-size=33554432"
    "memorysetup-profiler-bucket-allocator-block-count=8"
    "memorysetup-profiler-allocator-block-size=16777216"
    "memorysetup-profiler-editor-allocator-block-size=1048576"
    "memorysetup-temp-allocator-size-main=16777216"
    "memorysetup-job-temp-allocator-block-size=2097152"
    "memorysetup-job-temp-allocator-block-size-background=1048576"
    "memorysetup-job-temp-allocator-reduction-small-platforms=262144"
Logging is directed to a specific file, skipping project log.Player connection [8758587520]  Target information:

Player connection [8758587520]  * "[IP] 192.168.1.172 [Port] 55504 [Flags] 2 [Guid] 3211175976 [EditorId] 3211175976 [Version] 1048832 [Id] OSXEditor(0,LovelyjoydeMac-mini.local) [Debug] 1 [PackageName] OSXEditor [ProjectName] Editor" 

Player connection [8758587520]  * "[IP] 192.168.1.206 [Port] 55504 [Flags] 2 [Guid] 3211175976 [EditorId] 3211175976 [Version] 1048832 [Id] OSXEditor(0,LovelyjoydeMac-mini.local) [Debug] 1 [PackageName] OSXEditor [ProjectName] Editor" 

Player connection [8758587520]  * "[IP] 198.18.0.1 [Port] 55504 [Flags] 2 [Guid] 3211175976 [EditorId] 3211175976 [Version] 1048832 [Id] OSXEditor(0,LovelyjoydeMac-mini.local) [Debug] 1 [PackageName] OSXEditor [ProjectName] Editor" 

Player connection [8758587520] Host joined multi-casting on [225.0.0.222:54997]...
Player connection [8758587520] Host joined alternative multi-casting on [225.0.0.222:34997]...
Input System module state changed to: Initialized.
[Physics::Module] Initialized fallback backend.
[Physics::Module] Id: 0xdecafbad
[Licensing::Client] Error: HandshakeResponse reported an error:
	ResponseCode: 505
	ResponseStatus: Unsupported protocol version '1.18.1'.
[Licensing::Module] Error: Failed to handshake to channel: "LicenseClient-lovelyjoy"
[Licensing::IpcConnector] LicenseClient-lovelyjoy channel disconnected successfully.
[Licensing::IpcConnector] Channel LicenseClient-lovelyjoy-6000.5.2 doesn't exist
Launching external process: /Applications/Unity/Hub/Editor/6000.5.2f1/Unity.app/Contents/Helpers/UnityLicensingClient.app/Contents/MacOS/Unity.Licensing.Client
[Licensing::Module] Successfully launched the LicensingClient (PId: 53771)
[Package Manager] Connected to IPC stream "Upm-53713" after 0.3 seconds.
[Licensing::Module] Licensing is not yet initialized.
[Licensing::IpcConnector] Successfully connected to: "LicenseClient-lovelyjoy-6000.5.2" at "2026-07-04T06:36:56.955903Z"
[Licensing::Client] Handshaking with LicensingClient:
  Version:                 1.18.1+9fbee8e
  Session Id:              48a2ebdf90c2469f98d8abecc6d866f2
  Correlation Id:          4f05aa57e266af0fd3320ed8202887c0
  External correlation Id: 9082429791465656849
  Machine Id:              SDHUngXkiKNcxSPIxgVLa+vPMH8=
[Licensing::Module] Successfully connected to LicensingClient on channel: "LicenseClient-lovelyjoy-6000.5.2" (connect: 0.58s, validation: 0.04s, handshake: 0.26s)
[Licensing::IpcConnector] Successfully connected to: "LicenseClient-lovelyjoy-6000.5.2-notifications" at "2026-07-04T06:36:57.26135Z"
[Licensing::Module] Connected to LicensingClient (PId: 53771, launch time: 0.00, total connection time: 0.89s)
[Licensing::Module] Error: Access token is unavailable; failed to update
[Licensing::Client] Successfully resolved entitlement details
[Licensing::Module] License group:
  Id: 18968458761207-UnityPersXXXX
  Product: Unity Personal
  Type: Assigned
  Expiration: Unlimited
[Licensing::Client] Successfully updated license, isAsync: True, time: 0.01
[Licensing::Client] Successfully resolved entitlement details
[Licensing::Module] Licensing Background thread has ended after 1.22s
[Licensing::Module] Licensing is initialized (took 0.62s).
[Licensing::Client] Successfully resolved entitlement details
Library Redirect Path: Library/
[Physics::Module] Selected backend.
[Physics::Module] Name: PhysX
[Physics::Module] Id: 0xf2b8ea05
[Physics::Module] SDK Version: 4.1.2
[Physics::Module] Integration Version: 1.0.0
[Physics::Module] Threading Mode: Multi-Threaded
Initialize engine version: 6000.5.2f1 (eb73d3b415a1)
[Subsystems] Discovering subsystems at path /Applications/Unity/Hub/Editor/6000.5.2f1/Unity.app/Contents/Resources/UnitySubsystems
[Subsystems] Discovering subsystems at path /Users/lovelyjoy/Desktop/soulForge/unity/SoulForgeUnityClient/Assets
GfxDevice: creating device client; kGfxThreadingModeNonThreaded
 preferred device: Apple M4 (high power)
Metal devices available: 1
0: Apple M4 (high power)
Using device Apple M4 (high power)
Initializing Metal device caps: Apple M4
Mac GPU Family: 2
Apple GPU Family: 9
MSL Version: 3.0
Has Float MSAA: 1
Has Float Filtering: 1
ReadWrite Texture Tier: 2
Initialize mono
Mono path[0] = '/Applications/Unity/Hub/Editor/6000.5.2f1/Unity.app/Contents/Resources/Scripting/Managed'
Mono path[1] = '/Applications/Unity/Hub/Editor/6000.5.2f1/Unity.app/Contents/Resources/Scripting/BCLExtensions/runtime/netstandard2.1'
Mono path[2] = '/Applications/Unity/Hub/Editor/6000.5.2f1/Unity.app/Contents/Resources/Scripting/MonoBleedingEdge/lib/mono/unityjit-macos'
Mono config path = '/Applications/Unity/Hub/Editor/6000.5.2f1/Unity.app/Contents/Resources/Scripting/MonoBleedingEdge/etc'
Using monoOptions --debugger-agent=transport=dt_socket,embedding=1,server=y,suspend=n,address=127.0.0.1:56713
CodeReloadManager initialized
ImportWorker Server TCP listen port: 0
AcceleratorClientConnectionCallback - disconnected - :0
Begin MonoManager ReloadAssembly
Registering precompiled unity dll's ...
Register platform support module: /Applications/Unity/Hub/Editor/6000.5.2f1/PlaybackEngines/WebGLSupport/UnityEditor.WebGL.Extensions.dll
Register platform support module: /Applications/Unity/Hub/Editor/6000.5.2f1/PlaybackEngines/MacStandaloneSupport/UnityEditor.OSXStandalone.Extensions.dll
Registered in 0.001233 seconds.
Native extension for OSXStandalone target not found
Native extension for WebGL target not found
Package Manager log level set to [2]
ScheduleIndexationOnStartup MainProcess:False IndexOnStartup:False
Mono: successfully reloaded assembly
- Finished resetting the current domain, in  0.205 seconds
Domain Reload Profiling: 534ms
	BeginReloadAssembly (96ms)
		CreateAndSetChildDomain (5ms)
	RebuildCommonClasses (3ms)
	RebuildNativeTypeToScriptingClass (13ms)
	initialDomainReloadingComplete (41ms)
	LoadAllAssembliesAndSetupDomain (175ms)
		LoadAssemblies (91ms)
		AnalyzeDomain (132ms)
			TypeCache.Refresh (131ms)
				TypeCache.ScanAssembly (120ms)
	FinalizeReload (206ms)
		SetupLoadedEditorAssemblies (0ms)
			BeforeProcessingInitializeOnLoad (43ms)
			ProcessInitializeOnLoadAttributes (53ms)
			ProcessInitializeOnLoadMethodAttributes (68ms)
[Licensing::Client] Successfully resolved entitlement details
Application.AssetDatabase Initial Refresh Start
[Package Manager] Restoring resolved packages state from cache
[Licensing::Client] Successfully resolved entitlement details
[Package Manager] Registered 47 packages:
  Packages from [https://packages.unity.com]:
    com.unity.searcher@4.9.4 (location: /Users/lovelyjoy/Desktop/soulForge/unity/SoulForgeUnityClient/Library/PackageCache/com.unity.searcher@d45a78918735)
    com.unity.burst@1.8.29 (location: /Users/lovelyjoy/Desktop/soulForge/unity/SoulForgeUnityClient/Library/PackageCache/com.unity.burst@6bb9aca3ef38)
    com.unity.nuget.mono-cecil@1.11.6 (location: /Users/lovelyjoy/Desktop/soulForge/unity/SoulForgeUnityClient/Library/PackageCache/com.unity.nuget.mono-cecil@ecb9724e46ff)
    com.unity.test-framework.performance@3.5.0 (location: /Users/lovelyjoy/Desktop/soulForge/unity/SoulForgeUnityClient/Library/PackageCache/com.unity.test-framework.performance@8b56083ec0f0)
  Built-in packages:
    com.unity.render-pipelines.universal@17.5.0 (location: /Users/lovelyjoy/Desktop/soulForge/unity/SoulForgeUnityClient/Library/PackageCache/com.unity.render-pipelines.universal@748d7458cc62)
    com.unity.test-framework@1.7.0 (location: /Users/lovelyjoy/Desktop/soulForge/unity/SoulForgeUnityClient/Library/PackageCache/com.unity.test-framework@1405238725ab)
    com.unity.textmeshpro@5.0.0 (location: /Users/lovelyjoy/Desktop/soulForge/unity/SoulForgeUnityClient/Library/PackageCache/com.unity.textmeshpro@53f43edfd2e0)
    com.unity.ugui@2.5.0 (location: /Users/lovelyjoy/Desktop/soulForge/unity/SoulForgeUnityClient/Library/PackageCache/com.unity.ugui@3d1ea40b73ef)
    com.unity.modules.ai@1.0.0 (location: /Users/lovelyjoy/Desktop/soulForge/unity/SoulForgeUnityClient/Library/PackageCache/com.unity.modules.ai)
    com.unity.modules.androidjni@1.0.0 (location: /Users/lovelyjoy/Desktop/soulForge/unity/SoulForgeUnityClient/Library/PackageCache/com.unity.modules.androidjni)
    com.unity.modules.animation@1.0.0 (location: /Users/lovelyjoy/Desktop/soulForge/unity/SoulForgeUnityClient/Library/PackageCache/com.unity.modules.animation)
    com.unity.modules.assetbundle@1.0.0 (location: /Users/lovelyjoy/Desktop/soulForge/unity/SoulForgeUnityClient/Library/PackageCache/com.unity.modules.assetbundle)
    com.unity.modules.audio@1.0.0 (location: /Users/lovelyjoy/Desktop/soulForge/unity/SoulForgeUnityClient/Library/PackageCache/com.unity.modules.audio)
    com.unity.modules.cloth@1.0.0 (location: /Users/lovelyjoy/Desktop/soulForge/unity/SoulForgeUnityClient/Library/PackageCache/com.unity.modules.cloth)
    com.unity.modules.director@1.0.0 (location: /Users/lovelyjoy/Desktop/soulForge/unity/SoulForgeUnityClient/Library/PackageCache/com.unity.modules.director)
    com.unity.modules.imageconversion@1.0.0 (location: /Users/lovelyjoy/Desktop/soulForge/unity/SoulForgeUnityClient/Library/PackageCache/com.unity.modules.imageconversion)
    com.unity.modules.imgui@1.0.0 (location: /Users/lovelyjoy/Desktop/soulForge/unity/SoulForgeUnityClient/Library/PackageCache/com.unity.modules.imgui)
    com.unity.modules.jsonserialize@1.0.0 (location: /Users/lovelyjoy/Desktop/soulForge/unity/SoulForgeUnityClient/Library/PackageCache/com.unity.modules.jsonserialize)
    com.unity.modules.particlesystem@1.0.0 (location: /Users/lovelyjoy/Desktop/soulForge/unity/SoulForgeUnityClient/Library/PackageCache/com.unity.modules.particlesystem)
    com.unity.modules.physics@1.0.0 (location: /Users/lovelyjoy/Desktop/soulForge/unity/SoulForgeUnityClient/Library/PackageCache/com.unity.modules.physics)
    com.unity.modules.physics2d@1.0.0 (location: /Users/lovelyjoy/Desktop/soulForge/unity/SoulForgeUnityClient/Library/PackageCache/com.unity.modules.physics2d)
    com.unity.modules.screencapture@1.0.0 (location: /Users/lovelyjoy/Desktop/soulForge/unity/SoulForgeUnityClient/Library/PackageCache/com.unity.modules.screencapture)
    com.unity.modules.terrain@1.0.0 (location: /Users/lovelyjoy/Desktop/soulForge/unity/SoulForgeUnityClient/Library/PackageCache/com.unity.modules.terrain)
    com.unity.modules.terrainphysics@1.0.0 (location: /Users/lovelyjoy/Desktop/soulForge/unity/SoulForgeUnityClient/Library/PackageCache/com.unity.modules.terrainphysics)
    com.unity.modules.tilemap@1.0.0 (location: /Users/lovelyjoy/Desktop/soulForge/unity/SoulForgeUnityClient/Library/PackageCache/com.unity.modules.tilemap)
    com.unity.modules.ui@1.0.0 (location: /Users/lovelyjoy/Desktop/soulForge/unity/SoulForgeUnityClient/Library/PackageCache/com.unity.modules.ui)
    com.unity.modules.uielements@1.0.0 (location: /Users/lovelyjoy/Desktop/soulForge/unity/SoulForgeUnityClient/Library/PackageCache/com.unity.modules.uielements)
    com.unity.modules.umbra@1.0.0 (location: /Users/lovelyjoy/Desktop/soulForge/unity/SoulForgeUnityClient/Library/PackageCache/com.unity.modules.umbra)
    com.unity.modules.unityanalytics@1.0.0 (location: /Users/lovelyjoy/Desktop/soulForge/unity/SoulForgeUnityClient/Library/PackageCache/com.unity.modules.unityanalytics)
    com.unity.modules.unitywebrequest@1.0.0 (location: /Users/lovelyjoy/Desktop/soulForge/unity/SoulForgeUnityClient/Library/PackageCache/com.unity.modules.unitywebrequest)
    com.unity.modules.unitywebrequestassetbundle@1.0.0 (location: /Users/lovelyjoy/Desktop/soulForge/unity/SoulForgeUnityClient/Library/PackageCache/com.unity.modules.unitywebrequestassetbundle)
    com.unity.modules.unitywebrequestaudio@1.0.0 (location: /Users/lovelyjoy/Desktop/soulForge/unity/SoulForgeUnityClient/Library/PackageCache/com.unity.modules.unitywebrequestaudio)
    com.unity.modules.unitywebrequesttexture@1.0.0 (location: /Users/lovelyjoy/Desktop/soulForge/unity/SoulForgeUnityClient/Library/PackageCache/com.unity.modules.unitywebrequesttexture)
    com.unity.modules.unitywebrequestwww@1.0.0 (location: /Users/lovelyjoy/Desktop/soulForge/unity/SoulForgeUnityClient/Library/PackageCache/com.unity.modules.unitywebrequestwww)
    com.unity.modules.vehicles@1.0.0 (location: /Users/lovelyjoy/Desktop/soulForge/unity/SoulForgeUnityClient/Library/PackageCache/com.unity.modules.vehicles)
    com.unity.modules.video@1.0.0 (location: /Users/lovelyjoy/Desktop/soulForge/unity/SoulForgeUnityClient/Library/PackageCache/com.unity.modules.video)
    com.unity.modules.wind@1.0.0 (location: /Users/lovelyjoy/Desktop/soulForge/unity/SoulForgeUnityClient/Library/PackageCache/com.unity.modules.wind)
    com.unity.modules.xr@1.0.0 (location: /Users/lovelyjoy/Desktop/soulForge/unity/SoulForgeUnityClient/Library/PackageCache/com.unity.modules.xr)
    com.unity.modules.subsystems@1.0.0 (location: /Users/lovelyjoy/Desktop/soulForge/unity/SoulForgeUnityClient/Library/PackageCache/com.unity.modules.subsystems)
    com.unity.modules.hierarchycore@1.0.0 (location: /Users/lovelyjoy/Desktop/soulForge/unity/SoulForgeUnityClient/Library/PackageCache/com.unity.modules.hierarchycore)
    com.unity.modules.physicscore2d@1.0.0 (location: /Users/lovelyjoy/Desktop/soulForge/unity/SoulForgeUnityClient/Library/PackageCache/com.unity.modules.physicscore2d)
    com.unity.ext.nunit@2.1.0 (location: /Users/lovelyjoy/Desktop/soulForge/unity/SoulForgeUnityClient/Library/PackageCache/com.unity.ext.nunit@44f7d31723bd)
    com.unity.render-pipelines.core@17.5.0 (location: /Users/lovelyjoy/Desktop/soulForge/unity/SoulForgeUnityClient/Library/PackageCache/com.unity.render-pipelines.core@9fe9377312a8)
    com.unity.shadergraph@17.5.0 (location: /Users/lovelyjoy/Desktop/soulForge/unity/SoulForgeUnityClient/Library/PackageCache/com.unity.shadergraph@2df19e8719bc)
    com.unity.render-pipelines.universal-config@17.5.0 (location: /Users/lovelyjoy/Desktop/soulForge/unity/SoulForgeUnityClient/Library/PackageCache/com.unity.render-pipelines.universal-config@fdda01c80fe3)
    com.unity.collections@6.5.0 (location: /Users/lovelyjoy/Desktop/soulForge/unity/SoulForgeUnityClient/Library/PackageCache/com.unity.collections@a43cabe808ca)
    com.unity.mathematics@1.4.0 (location: /Users/lovelyjoy/Desktop/soulForge/unity/SoulForgeUnityClient/Library/PackageCache/com.unity.mathematics@981956d94fb6)
[Package Manager] com.unity.textmeshpro is deprecated: This package is no longer supported. TextMeshPro functionalities are now included in the com.unity.ugui package. To continue using them, consider adding it to your project dependencies.
[Subsystems] No new subsystems found in resolved package list.
[Package Manager] Done registering packages in 0.01 seconds
[ScriptCompilation] Requested script compilation because: AssetDatabase observed changes in script compilation related files
info: Microsoft.Hosting.Lifetime[14]
      Now listening on: http://unix:/tmp/ilpp.sock-f0dc56c254e8e77c743ce7d5d332a1a3
info: Microsoft.Hosting.Lifetime[0]
      Application started. Press Ctrl+C to shut down.
info: Microsoft.Hosting.Lifetime[0]
      Hosting environment: Production
info: Microsoft.Hosting.Lifetime[0]
      Content root path: /Users/lovelyjoy/Desktop/soulForge/unity/SoulForgeUnityClient
info: Microsoft.AspNetCore.Hosting.Diagnostics[1]
      Request starting HTTP/2 POST http://ilpp/UnityILPP.PostProcessing/Ping - application/grpc -
info: Microsoft.AspNetCore.Routing.EndpointMiddleware[0]
      Executing endpoint 'gRPC - /UnityILPP.PostProcessing/Ping'
info: Microsoft.AspNetCore.Routing.EndpointMiddleware[1]
      Executed endpoint 'gRPC - /UnityILPP.PostProcessing/Ping'
info: Microsoft.AspNetCore.Hosting.Diagnostics[2]
      Request finished HTTP/2 POST http://ilpp/UnityILPP.PostProcessing/Ping - 200 - application/grpc 24.1470ms
Starting: /Applications/Unity/Hub/Editor/6000.5.2f1/Unity.app/Contents/Resources/BuildPipeline/bee_backend --ipc --defer-dag-verification --dagfile="Library/Bee/200b0aE.dag" --continue-on-failure --profile="Library/Bee/backend1.traceevents" ScriptAssemblies
WorkingDir: /Users/lovelyjoy/Desktop/soulForge/unity/SoulForgeUnityClient
DisplayProgressbar: Compiling Scripts
info: Microsoft.AspNetCore.Hosting.Diagnostics[1]
      Request starting HTTP/2 POST http://ilpp/UnityILPP.PostProcessing/ConfigurePostProcessors - application/grpc -
info: Microsoft.AspNetCore.Routing.EndpointMiddleware[0]
      Executing endpoint 'gRPC - /UnityILPP.PostProcessing/ConfigurePostProcessors'
warn: Unity.ILPP.Runner.PostProcessingAssemblyLoadContext[0]
      Assembly system.runtime.interopservices.windowsruntime has duplicate hint path. Ignoring "/Applications/Unity/Hub/Editor/6000.5.2f1/Unity.app/Contents/Resources/Scripting/UnityReferenceAssemblies/unity-4.8-api/Facades/System.Runtime.InteropServices.WindowsRuntime.dll" in favor of "/Applications/Unity/Hub/Editor/6000.5.2f1/Unity.app/Contents/Resources/Scripting/NetStandard/Extensions/2.0.0/System.Runtime.InteropServices.WindowsRuntime.dll"
warn: Unity.ILPP.Runner.PostProcessingAssemblyLoadContext[0]
      Assembly system.componentmodel.composition has duplicate hint path. Ignoring "/Applications/Unity/Hub/Editor/6000.5.2f1/Unity.app/Contents/Resources/Scripting/UnityReferenceAssemblies/unity-4.8-api/System.ComponentModel.Composition.dll" in favor of "/Applications/Unity/Hub/Editor/6000.5.2f1/Unity.app/Contents/Resources/Scripting/NetStandard/compat/2.1.0/shims/netfx/System.ComponentModel.Composition.dll"
info: Unity.ILPP.Runner.PostProcessingAssemblyLoadContext[0]
      Resolved Unity.Burst.Cecil, Version=0.11.6.0, Culture=neutral, PublicKeyToken=50cebf1cceb9d05e with Library/PackageCache/com.unity.burst@6bb9aca3ef38/Unity.Burst.CodeGen/Unity.Burst.Cecil.dll
info: Unity.ILPP.Runner.PostProcessingAssemblyLoadContext[0]
      Resolved Mono.Cecil, Version=0.11.5.0, Culture=neutral, PublicKeyToken=50cebf1cceb9d05e with Library/PackageCache/com.unity.nuget.mono-cecil@ecb9724e46ff/Mono.Cecil.dll
info: Microsoft.AspNetCore.Routing.EndpointMiddleware[1]
      Executed endpoint 'gRPC - /UnityILPP.PostProcessing/ConfigurePostProcessors'
info: Microsoft.AspNetCore.Hosting.Diagnostics[2]
      Request finished HTTP/2 POST http://ilpp/UnityILPP.PostProcessing/ConfigurePostProcessors - 200 - application/grpc 18.6463ms
info: Microsoft.AspNetCore.Hosting.Diagnostics[1]
      Request starting HTTP/2 POST http://ilpp/UnityILPP.PostProcessing/PostProcessAssembly - application/grpc -
info: Microsoft.AspNetCore.Routing.EndpointMiddleware[0]
      Executing endpoint 'gRPC - /UnityILPP.PostProcessing/PostProcessAssembly'
info: Unity.ILPP.Runner.PostProcessingPipeline[0]
      Processing assembly Library/Bee/artifacts/200b0aE.dag/SoulForge.UnityClient.Editor.dll, with 134 defines and 296 references
info: Unity.ILPP.Runner.PostProcessingPipeline[0]
      processors: Unity.Jobs.CodeGen.JobsILPostProcessor, zzzUnity.Burst.CodeGen.BurstILPostProcessor
info: Unity.ILPP.Runner.PostProcessingPipeline[0]
      running Unity.Jobs.CodeGen.JobsILPostProcessor
info: Unity.ILPP.Runner.PostProcessingPipeline[0]
      running zzzUnity.Burst.CodeGen.BurstILPostProcessor
info: Microsoft.AspNetCore.Routing.EndpointMiddleware[1]
      Executed endpoint 'gRPC - /UnityILPP.PostProcessing/PostProcessAssembly'
info: Microsoft.AspNetCore.Hosting.Diagnostics[2]
      Request finished HTTP/2 POST http://ilpp/UnityILPP.PostProcessing/PostProcessAssembly - 200 - application/grpc 43.9572ms
ExitCode: 0 Duration: 2s952ms
[461/583    0s] ILPP-Configuration Library/ilpp-configuration.nevergeneratedoutput
[579/583    2s] Csc Library/Bee/artifacts/200b0aE.dag/SoulForge.UnityClient.Editor.dll (+2 others)
Assets/SoulForge/Editor/SoulForgeSceneBuilder.cs(69,62): warning CS0618: 'Object.FindObjectOfType<T>()' is obsolete: 'Object.FindObjectOfType has been deprecated. Use Object.FindAnyObjectByType instead.'
Assets/SoulForge/Editor/SoulForgeSceneBuilder.cs(115,62): warning CS0618: 'Object.FindObjectOfType<T>()' is obsolete: 'Object.FindObjectOfType has been deprecated. Use Object.FindAnyObjectByType instead.'
[580/583    0s] ILPostProcess Library/Bee/artifacts/200b0aE.dag/post-processed/SoulForge.UnityClient.Editor.dll (+pdb)
Processing assembly Library/Bee/artifacts/200b0aE.dag/SoulForge.UnityClient.Editor.dll, with 134 defines and 296 references
processors: Unity.Jobs.CodeGen.JobsILPostProcessor, zzzUnity.Burst.CodeGen.BurstILPostProcessor
running Unity.Jobs.CodeGen.JobsILPostProcessor
running zzzUnity.Burst.CodeGen.BurstILPostProcessor
[581/583    0s] CopyFiles Library/ScriptAssemblies/SoulForge.UnityClient.Editor.pdb
[582/583    0s] CopyFiles Library/ScriptAssemblies/SoulForge.UnityClient.Editor.dll
*** Tundra build success (2.93 seconds), 5 items updated, 583 evaluated
Assets/SoulForge/Editor/SoulForgeSceneBuilder.cs(69,62): warning CS0618: 'Object.FindObjectOfType<T>()' is obsolete: 'Object.FindObjectOfType has been deprecated. Use Object.FindAnyObjectByType instead.'
Assets/SoulForge/Editor/SoulForgeSceneBuilder.cs(115,62): warning CS0618: 'Object.FindObjectOfType<T>()' is obsolete: 'Object.FindObjectOfType has been deprecated. Use Object.FindAnyObjectByType instead.'
Total cache size 18097732
AssetDatabase: script compilation time: 3.561575s
Total cache size after purge 18097732, took 00:00:00.0198341
Begin MonoManager ReloadAssembly
Importing 'GUID: c67259926da534e6e8374f99aaeec5ec - Path: Assets/ThirdParty/KenneyCharacters3' with importer (DefaultImporter)
Imported 'GUID: c67259926da534e6e8374f99aaeec5ec' -> (Import Result ID: 'ae5083de1e5ce1af3ad4371260ec42f0') in 0.018 seconds [static dependencies only]. Details - ImportResultOutputID=4a6fcddbf0702cc675aad411a9aabfda DependenciesID=6fcc9568be2840a689c65e56272770d4 StaticDependenciesID=5f4b02ad29860dee18bef958c523d03b 
Importing 'GUID: 8b488f9902955496d8294a203d44825a - Path: Assets/ThirdParty/KenneyCharacters3/Skins' with importer (DefaultImporter)
Imported 'GUID: 8b488f9902955496d8294a203d44825a' -> (Import Result ID: '3687220395ea08b850ef1727459b8e17') in 0.003 seconds [static dependencies only]. Details - ImportResultOutputID=df2456632d17732f654e5a1980778676 DependenciesID=88a7643fca48fe7052b8b7adad7d9851 StaticDependenciesID=b15d335c66bbd48fb93539bb84c5e522 
Importing 'GUID: fd9d16542ebf34502b2dca1d7f9e3915 - Path: Assets/ThirdParty/KenneyCharacters3/Model' with importer (DefaultImporter)
Imported 'GUID: fd9d16542ebf34502b2dca1d7f9e3915' -> (Import Result ID: 'ad06ac5f8fbad9c6dfafbefe1e15f333') in 0.001 seconds [static dependencies only]. Details - ImportResultOutputID=0dfeefd32156560189197a6153dd818f DependenciesID=e1cc8172e0afce44b527da5d52de6134 StaticDependenciesID=7f610c60be310f17349675426df09191 
Native extension for OSXStandalone target not found
Native extension for WebGL target not found
ScheduleIndexationOnStartup MainProcess:True IndexOnStartup:True
Mono: successfully reloaded assembly
- Finished resetting the current domain, in  1.350 seconds
Domain Reload Profiling: 1737ms
	BeginReloadAssembly (152ms)
		DisableScriptedObjects (17ms)
		CreateAndSetChildDomain (38ms)
	RebuildCommonClasses (4ms)
	RebuildNativeTypeToScriptingClass (8ms)
	initialDomainReloadingComplete (22ms)
	LoadAllAssembliesAndSetupDomain (200ms)
		LoadAssemblies (163ms)
		AnalyzeDomain (60ms)
			TypeCache.Refresh (41ms)
				TypeCache.ScanAssembly (36ms)
			BuildScriptInfoCaches (15ms)
			ResolveRequiredComponents (3ms)
	FinalizeReload (1351ms)
		SetupLoadedEditorAssemblies (0ms)
			BeforeProcessingInitializeOnLoad (44ms)
			ProcessInitializeOnLoadAttributes (1145ms)
			ProcessInitializeOnLoadMethodAttributes (56ms)
		AwakeInstancesAfterBackupRestoration (8ms)
Importing 'GUID: 93a547d52b4ee49f98603407aee03670 - Path: Assets/ThirdParty/KenneyCharacters3/Skins/zombieFemaleA.png' with importer (TextureImporter)
Imported 'GUID: 93a547d52b4ee49f98603407aee03670' -> (Import Result ID: 'b11e6235a352a5de2298e6993f166396') in 0.018 seconds [static and dynamic dependencies]. Details - ImportResultOutputID=d1752de5420cfe746ace107aade5df43 DependenciesID=e060170c60004acf49c7ed46368923b2 StaticDependenciesID=d38ad46157ed4c0dcce04e4a658050c4 
Importing 'GUID: 1a3ac42d4fbb24cb29a92975c98da63c - Path: Assets/ThirdParty/KenneyCharacters3/Skins/zombieMaleA.png' with importer (TextureImporter)
Imported 'GUID: 1a3ac42d4fbb24cb29a92975c98da63c' -> (Import Result ID: '03ff6c10651e0e2220b8e4481bca635a') in 0.002 seconds [static and dynamic dependencies]. Details - ImportResultOutputID=42026646b8a6afaddd67d20fc318d654 DependenciesID=34dd9f9344fca488a0de73ffbd61122e StaticDependenciesID=4d6f2f07c71efa400ba372fc7b8a7f96 
Importing 'GUID: 5c96af86b42fa4d4486d02efa4df9507 - Path: Assets/ThirdParty/KenneyCharacters3/Skins/humanFemaleA.png' with importer (TextureImporter)
Imported 'GUID: 5c96af86b42fa4d4486d02efa4df9507' -> (Import Result ID: '1d8bddfa4a3dd50b9c1ca7cbfedf3b95') in 0.002 seconds [static and dynamic dependencies]. Details - ImportResultOutputID=e64d1018adb0cf69fe344437965234ef DependenciesID=636569f582534557f62dd10c5c648e17 StaticDependenciesID=e7cb9e0fde481dce025f6506232b472d 
Importing 'GUID: 9fe3111d212a744acb3f7693d7f2f817 - Path: Assets/ThirdParty/KenneyCharacters3/Skins/humanMaleA.png' with importer (TextureImporter)
Imported 'GUID: 9fe3111d212a744acb3f7693d7f2f817' -> (Import Result ID: '2fc823f6f35112d06e8884c60e3919c5') in 0.002 seconds [static and dynamic dependencies]. Details - ImportResultOutputID=c871cafcee9bb0b1a8dba31f5782e562 DependenciesID=3fdf74d3f0bcc58c5064a692b52c5e6f StaticDependenciesID=4170a1f8b1314b93d55a80b4b03b9783 
Importing 'GUID: 841fa753d43814cf589c94d29b81b3f4 - Path: Assets/ThirdParty/KenneyCharacters3/Model/characterMedium.fbx' with importer (FBXImporter)
Launching external process: /Applications/Unity/Hub/Editor/6000.5.2f1/Unity.app/Contents/Helpers/UnityShaderCompiler
Launched and connected shader compiler UnityShaderCompiler after 0.07 seconds
Imported 'GUID: 841fa753d43814cf589c94d29b81b3f4' -> (Import Result ID: '1e5fa593ef6c445c9408bf8bcdf32e49') in 0.225 seconds [static and dynamic dependencies]. Details - ImportResultOutputID=b119be2d39bea7ced663821d34e62ae8 DependenciesID=70e18cb36bdcba4c5cf5981b2b5e8a0e StaticDependenciesID=ec74938b4b29a048e8f604a4135199ea 
Importing 'GUID: a78a4d7596b764c0f8d1a73327ed2f85 - Path: Assets/ThirdParty/KenneyCharacters3/LICENSE.md' with importer (TextScriptImporter)
Imported 'GUID: a78a4d7596b764c0f8d1a73327ed2f85' -> (Import Result ID: '9c7e53e335534fc6cd26793246948d54') in 0.002 seconds [static dependencies only]. Details - ImportResultOutputID=d987a16a16bfe32873da5ce43e07023a DependenciesID=076c995dfa6a7499db9ebe7b5dce77e5 StaticDependenciesID=74783c7e177ca18b1d6bc8cff64baa73 
Starting new worker id: 0 with log in /Users/lovelyjoy/Desktop/soulForge/unity/SoulForgeUnityClient/Logs/AssetImportWorkerHW0.log

Asset Pipeline Refresh (id=f249584fb5cfa48b18008901496b3c59): Total: 6.759 seconds - Initiated by InitialRefreshV2(ForceSynchronousImport)
	(Values over 0.05ms)
	Summary:
		Imports: total=9 (actual=9, local cache=0, cache server=0)
		Asset DB Process Time: managed=13 ms, native=2072 ms
		Asset DB Callback time: managed=602 ms, native=31 ms
		Scripting: domain reloads=1, domain reload time=404 ms, compile time=3621 ms, other=13 ms
		Project Asset Count: scripts=777, non-scripts=1473
		Asset File Changes: new=9, changed=10, moved=0, deleted=0
		Scan Filter Count: 1
	InvokePackagesCallback: 14.040ms
	ApplyChangesToAssetFolders: 0.492ms
	Scan: 256.205ms
	Collect global state as custom dependencies: 3.376ms
	OnSourceAssetsModified: 0.490ms
	CategorizeScriptCompilationAssets: 13.821ms
	ProcessAssetsWithTransientArtifactChanges: 19.447ms
	CategorizeAssets: 67.544ms
	CompileScripts: 3620.742ms
	ImportOutOfDateAssets: 1656.343ms (1357.120ms without children)
		ImportManagerImport: 278.745ms (1.918ms without children)
			UpdateCategorizedAssets: 0.054ms
		UnloadImportedAssets: 0.176ms
		EnsureUptoDateAssetsAreRegisteredWithGuidPM: 0.230ms
		ImportSchedulerStart: 20.060ms
	PostProcessAllAssets: 620.468ms
		PostProcessCallbackCreateDeferredMaterials 0.086ms
		MonoPostProcessAllAssets: 602.077ms
			UniversalRenderPipelineGlobalSettingsPostprocessor.OnPostprocessAllAssets 508.124ms
			AssetPostprocessor.OnPostprocessAllAssets 58.404ms
			StyleCatalogPostProcessor.OnPostprocessAllAssets 8.507ms
			RenderPipelineGlobalSettingsPostprocessor.OnPostprocessAllAssets 5.358ms
			BuilderAssetPostprocessor.OnPostprocessAllAssets 3.546ms
			ShaderGraphAssetPostProcessor.OnPostprocessAllAssets 2.046ms
			TextAssetPostProcessor.OnPostprocessAllAssets 1.734ms
			AssetChangedListener.OnPostprocessAllAssets 1.639ms
			SpeedTree9Postprocessor.OnPostprocessAllAssets 1.340ms
			SyncVS.PostprocessSyncProject 1.116ms
			RetainedModeAssetPostprocessor.OnPostprocessAllAssets 1.100ms
			WindowAssetPostprocessingWatcher.OnPostprocessAllAssets 0.827ms
			MaterialPostprocessor.OnPostprocessAllAssets 0.659ms
			ArtifactBrowserPostProcessor.OnPostprocessAllAssets 0.321ms
			SampleDependencyImporterPostProcessor.OnPostprocessAllAssets 0.236ms
			TerrainToolbarOverlayPostProcessor.OnPostprocessAllAssets 0.220ms
			ShaderReflectionAssetPostProcessor.OnPostprocessAllAssets 0.217ms
			PostProcessor.OnPostprocessAllAssets 0.206ms
			ReferencedClipsPostProcessor.OnPostprocessAllAssets 0.178ms
			TMPro_TexturePostProcessor.OnPostprocessAllAssets 0.142ms
			AudioMixerPostprocessor.OnPostprocessAllAssets 0.139ms
			SpeedTreePostProcessor.OnPostprocessAllAssets 0.135ms
			AssetEvents.OnPostprocessAllAssets 0.122ms
			ConfigAssetsTracker.OnPostprocessAllAssets 0.061ms
			AssetDatabaseCallbacks.OnPostprocessAllAssets 0.057ms
	PostAssetChangesProfiler: 2.056ms
	UnloadStreamsBegin: 0.772ms
	PersistCurrentRevisions: 0.095ms
	GenerateScriptTypeHashes: 2.623ms
	GenerateScriptTypeSerializationHashes: 4.905ms
	Untracked: 481.289ms

Application.AssetDatabase Initial Refresh End
Shader Hidden/ChartRasterizerHardware is not supported: GPU does not support conservative rasterization
Shader Hidden/ChartRasterizerHardware is not supported: GPU does not support conservative rasterization
Scanning for USB devices : 0.933ms
Initializing Unity extensions:
[MODES] ModeService[none].Initialize
[MODES] ModeService[none].LoadModes
[MODES] Loading mode Default (0) for mode-current-id-SoulForgeUnityClient
2026-07-04 14:37:05.509 Unity[53713:88605643] NSEventModifierFlagFunction specified to -setKeyEquivalentModifierMask: for item <NSMenuItem: 0x7d1bfb700 SDF, ke='Command-F12'>, but is only supported for system-provided menu items; will not be used
Unloading 248 Unused Serialized files (Serialized files now loaded: 0)
Unloading 3186 unused Assets / (6.5 MB). Loaded Objects now: 3999.
Memory consumption went from 242.6 MB to 236.1 MB.
Total: 7.543542 ms (FindLiveObjects: 0.211583 ms CreateObjectMapping: 0.490750 ms MarkObjects: 4.946083 ms  DeleteObjects: 1.894625 ms)

2026-07-04 14:37:05.607 Unity[53713:88605643] NSEventModifierFlagFunction specified to -setKeyEquivalentModifierMask: for item <NSMenuItem: 0x7d1bf8a00 SDF, ke='Command-F12'>, but is only supported for system-provided menu items; will not be used
Asset Pipeline Refresh (id=ae9e91018e6f1401a86d8948195f8ac9): Total: 0.160 seconds - Initiated by RefreshV2(NoUpdateAssetOptions)
Unloading 0 Unused Serialized files (Serialized files now loaded: 0)
Unloading 1 unused Assets / (0.8 KB). Loaded Objects now: 3999.
Memory consumption went from 188.6 MB to 188.6 MB.
Total: 6.280334 ms (FindLiveObjects: 0.095042 ms CreateObjectMapping: 0.184583 ms MarkObjects: 5.982375 ms  DeleteObjects: 0.018084 ms)

Worker ready: AssetImportWorkerHW0 0
Importing 'GUID: bb623ecda68404456a3b16c65be30fe7 - Path: Assets/SoulForge/Scenes/SoulForgeApartment.unity' with importer (DefaultImporter)
Imported 'GUID: bb623ecda68404456a3b16c65be30fe7' -> (Import Result ID: '2a02f977984059355630d7728ebb4a5e') in 0.003 seconds [static dependencies only]. Details - ImportResultOutputID=c5a1ac5b2395a2fc11334f4b47000fc9 DependenciesID=9de602dee7909a0762f8e7325d5f0dc5 StaticDependenciesID=f8912bb974c484183c89607b48a2e32e 
Asset Pipeline Refresh (id=c2638540fb77a40619bcf13319330fb0): Total: 0.059 seconds - Initiated by StopAssetImportingV2(NoUpdateAssetOptions)
Asset Pipeline Refresh (id=8ba625dcfa56a4ed6a8706c1c0f96776): Total: 0.043 seconds - Initiated by RefreshV2(NoUpdateAssetOptions)
Batchmode quit successfully invoked - shutting down!
Thread 0x323b87000 may have been prematurely finalized
Input System module state changed to: ShutdownInProgress.
Input Polling Thread exited.
Input System module state changed to: Shutdown.
正在关闭 MSBuild 服务器...
正在关闭 VB/C# 编译器服务器...
[Physics::Module] Cleanup current backend.
[Physics::Module] Id: 0xf2b8ea05
[Licensing::IpcConnector] LicenseClient-lovelyjoy-6000.5.2-notifications channel disconnected successfully.
[Licensing::IpcConnector] LicenseClient-lovelyjoy-6000.5.2 channel disconnected successfully.
Thread 0x1707b7000 may have been prematurely finalized
Thread 0x1709e7000 may have been prematurely finalized
Thread 0x170aff000 may have been prematurely finalized
Thread 0x170c17000 may have been prematurely finalized
Thread 0x170843000 may have been prematurely finalized
Thread 0x170a73000 may have been prematurely finalized
Thread 0x17095b000 may have been prematurely finalized
Thread 0x170b8b000 may have been prematurely finalized
Thread 0x1708cf000 may have been prematurely finalized
成功关闭 MSBuild 服务器。
AcceleratorClientConnectionCallback - disconnected - :0
Thread 0x172353000 may have been prematurely finalized
Cleanup mono
CodeReloadManager destroyed
info: Microsoft.Hosting.Lifetime[0]
      Application is shutting down...
info: Unity.ILPP.Runner.PostProcessingAssemblyLoadContext[0]
      ALC ILPP context 1 is unloading
成功关闭 VB/C# 编译器服务器。
debugger-agent: Unable to listen on 43
Exiting batchmode successfully now!
[Package Manager] Server process was shutdown
